Archive member included to satisfy reference by file (symbol)

C:/ST/STM32CubeIDE_1.15.0/STM32CubeIDE/plugins/com.st.stm32cube.ide.mcu.externaltools.gnu-tools-for-stm32.12.3.rel1.win32_1.0.100.202403111256/tools/bin/../lib/gcc/arm-none-eabi/12.3.1/../../../../arm-none-eabi/lib/thumb/v8-m.main+fp/hard\libc_nano.a(libc_a-exit.o)
                              C:/ST/STM32CubeIDE_1.15.0/STM32CubeIDE/plugins/com.st.stm32cube.ide.mcu.externaltools.gnu-tools-for-stm32.12.3.rel1.win32_1.0.100.202403111256/tools/bin/../lib/gcc/arm-none-eabi/12.3.1/../../../../arm-none-eabi/lib/thumb/v8-m.main+fp/hard/crt0.o (exit)
C:/ST/STM32CubeIDE_1.15.0/STM32CubeIDE/plugins/com.st.stm32cube.ide.mcu.externaltools.gnu-tools-for-stm32.12.3.rel1.win32_1.0.100.202403111256/tools/bin/../lib/gcc/arm-none-eabi/12.3.1/../../../../arm-none-eabi/lib/thumb/v8-m.main+fp/hard\libc_nano.a(libc_a-findfp.o)
                              C:/ST/STM32CubeIDE_1.15.0/STM32CubeIDE/plugins/com.st.stm32cube.ide.mcu.externaltools.gnu-tools-for-stm32.12.3.rel1.win32_1.0.100.202403111256/tools/bin/../lib/gcc/arm-none-eabi/12.3.1/../../../../arm-none-eabi/lib/thumb/v8-m.main+fp/hard\libc_nano.a(libc_a-exit.o) (__stdio_exit_handler)
C:/ST/STM32CubeIDE_1.15.0/STM32CubeIDE/plugins/com.st.stm32cube.ide.mcu.externaltools.gnu-tools-for-stm32.12.3.rel1.win32_1.0.100.202403111256/tools/bin/../lib/gcc/arm-none-eabi/12.3.1/../../../../arm-none-eabi/lib/thumb/v8-m.main+fp/hard\libc_nano.a(libc_a-fwalk.o)
                              C:/ST/STM32CubeIDE_1.15.0/STM32CubeIDE/plugins/com.st.stm32cube.ide.mcu.externaltools.gnu-tools-for-stm32.12.3.rel1.win32_1.0.100.202403111256/tools/bin/../lib/gcc/arm-none-eabi/12.3.1/../../../../arm-none-eabi/lib/thumb/v8-m.main+fp/hard\libc_nano.a(libc_a-findfp.o) (_fwalk_sglue)
C:/ST/STM32CubeIDE_1.15.0/STM32CubeIDE/plugins/com.st.stm32cube.ide.mcu.externaltools.gnu-tools-for-stm32.12.3.rel1.win32_1.0.100.202403111256/tools/bin/../lib/gcc/arm-none-eabi/12.3.1/../../../../arm-none-eabi/lib/thumb/v8-m.main+fp/hard\libc_nano.a(libc_a-stdio.o)
                              C:/ST/STM32CubeIDE_1.15.0/STM32CubeIDE/plugins/com.st.stm32cube.ide.mcu.externaltools.gnu-tools-for-stm32.12.3.rel1.win32_1.0.100.202403111256/tools/bin/../lib/gcc/arm-none-eabi/12.3.1/../../../../arm-none-eabi/lib/thumb/v8-m.main+fp/hard\libc_nano.a(libc_a-findfp.o) (__sread)
C:/ST/STM32CubeIDE_1.15.0/STM32CubeIDE/plugins/com.st.stm32cube.ide.mcu.externaltools.gnu-tools-for-stm32.12.3.rel1.win32_1.0.100.202403111256/tools/bin/../lib/gcc/arm-none-eabi/12.3.1/../../../../arm-none-eabi/lib/thumb/v8-m.main+fp/hard\libc_nano.a(libc_a-memset.o)
                              C:/ST/STM32CubeIDE_1.15.0/STM32CubeIDE/plugins/com.st.stm32cube.ide.mcu.externaltools.gnu-tools-for-stm32.12.3.rel1.win32_1.0.100.202403111256/tools/bin/../lib/gcc/arm-none-eabi/12.3.1/../../../../arm-none-eabi/lib/thumb/v8-m.main+fp/hard/crt0.o (memset)
C:/ST/STM32CubeIDE_1.15.0/STM32CubeIDE/plugins/com.st.stm32cube.ide.mcu.externaltools.gnu-tools-for-stm32.12.3.rel1.win32_1.0.100.202403111256/tools/bin/../lib/gcc/arm-none-eabi/12.3.1/../../../../arm-none-eabi/lib/thumb/v8-m.main+fp/hard\libc_nano.a(libc_a-closer.o)
                              C:/ST/STM32CubeIDE_1.15.0/STM32CubeIDE/plugins/com.st.stm32cube.ide.mcu.externaltools.gnu-tools-for-stm32.12.3.rel1.win32_1.0.100.202403111256/tools/bin/../lib/gcc/arm-none-eabi/12.3.1/../../../../arm-none-eabi/lib/thumb/v8-m.main+fp/hard\libc_nano.a(libc_a-stdio.o) (_close_r)
C:/ST/STM32CubeIDE_1.15.0/STM32CubeIDE/plugins/com.st.stm32cube.ide.mcu.externaltools.gnu-tools-for-stm32.12.3.rel1.win32_1.0.100.202403111256/tools/bin/../lib/gcc/arm-none-eabi/12.3.1/../../../../arm-none-eabi/lib/thumb/v8-m.main+fp/hard\libc_nano.a(libc_a-reent.o)
                              C:/ST/STM32CubeIDE_1.15.0/STM32CubeIDE/plugins/com.st.stm32cube.ide.mcu.externaltools.gnu-tools-for-stm32.12.3.rel1.win32_1.0.100.202403111256/tools/bin/../lib/gcc/arm-none-eabi/12.3.1/../../../../arm-none-eabi/lib/thumb/v8-m.main+fp/hard\libc_nano.a(libc_a-closer.o) (errno)
C:/ST/STM32CubeIDE_1.15.0/STM32CubeIDE/plugins/com.st.stm32cube.ide.mcu.externaltools.gnu-tools-for-stm32.12.3.rel1.win32_1.0.100.202403111256/tools/bin/../lib/gcc/arm-none-eabi/12.3.1/../../../../arm-none-eabi/lib/thumb/v8-m.main+fp/hard\libc_nano.a(libc_a-impure.o)
                              C:/ST/STM32CubeIDE_1.15.0/STM32CubeIDE/plugins/com.st.stm32cube.ide.mcu.externaltools.gnu-tools-for-stm32.12.3.rel1.win32_1.0.100.202403111256/tools/bin/../lib/gcc/arm-none-eabi/12.3.1/../../../../arm-none-eabi/lib/thumb/v8-m.main+fp/hard\libc_nano.a(libc_a-reent.o) (_impure_ptr)
C:/ST/STM32CubeIDE_1.15.0/STM32CubeIDE/plugins/com.st.stm32cube.ide.mcu.externaltools.gnu-tools-for-stm32.12.3.rel1.win32_1.0.100.202403111256/tools/bin/../lib/gcc/arm-none-eabi/12.3.1/../../../../arm-none-eabi/lib/thumb/v8-m.main+fp/hard\libc_nano.a(libc_a-lseekr.o)
[...]
Memory Configuration

Name             Origin             Length             Attributes
RAM              0x20000000         0x00030000         xrw
RAM2             0x20030000         0x00010000         xrw
FLASH            0x08000000         0x00080000         xr
*default*        0x00000000         0xffffffff

Linker script and memory map

LOAD C:/ST/STM32CubeIDE_1.15.0/STM32CubeIDE/plugins/com.st.stm32cube.ide.mcu.externaltools.gnu-tools-for-stm32.12.3.rel1.win32_1.0.100.202403111256/tools/bin/../lib/gcc/arm-none-eabi/12.3.1/thumb/v8-m.main+fp/hard/crti.o
LOAD C:/ST/STM32CubeIDE_1.15.0/STM32CubeIDE/plugins/com.st.stm32cube.ide.mcu.externaltools.gnu-tools-for-stm32.12.3.rel1.win32_1.0.100.202403111256/tools/bin/../lib/gcc/arm-none-eabi/12.3.1/thumb/v8-m.main+fp/hard/crtbegin.o
LOAD C:/ST/STM32CubeIDE_1.15.0/STM32CubeIDE/plugins/com.st.stm32cube.ide.mcu.externaltools.gnu-tools-for-stm32.12.3.rel1.win32_1.0.100.202403111256/tools/bin/../lib/gcc/arm-none-eabi/12.3.1/../../../../arm-none-eabi/lib/thumb/v8-m.main+fp/hard/crt0.o
LOAD ./Core/Src/can.o
LOAD ./Core/Src/main.o
LOAD ./Core/Src/stm32l5xx_hal_msp.o
LOAD ./Core/Src/stm32l5xx_it.o
LOAD ./Core/Src/syscalls.o
LOAD ./Core/Src/sysmem.o
LOAD ./Core/Src/system_stm32l5xx.o
LOAD ./Core/Startup/startup_stm32l552zetxq.o
LOAD ./Drivers/STM32L5xx_HAL_Driver/Src/stm32l5xx_hal.o
LOAD ./Drivers/STM32L5xx_HAL_Driver/Src/stm32l5xx_hal_adc.o
LOAD ./Drivers/STM32L5xx_HAL_Driver/Src/stm32l5xx_hal_adc_ex.o
LOAD ./Drivers/STM32L5xx_HAL_Driver/Src/stm32l5xx_hal_cortex.o
LOAD ./Drivers/STM32L5xx_HAL_Driver/Src/stm32l5xx_hal_dma.o
LOAD ./Drivers/STM32L5xx_HAL_Driver/Src/stm32l5xx_hal_dma_ex.o
LOAD ./Drivers/STM32L5xx_HAL_Driver/Src/stm32l5xx_hal_exti.o
LOAD ./Drivers/STM32L5xx_HAL_Driver/Src/stm32l5xx_hal_fdcan.o
LOAD ./Drivers/STM32L5xx_HAL_Driver/Src/stm32l5xx_hal_flash.o
LOAD ./Drivers/STM32L5xx_HAL_Driver/Src/stm32l5xx_hal_flash_ex.o
LOAD ./Drivers/STM32L5xx_HAL_Driver/Src/stm32l5xx_hal_flash_ramfunc.o
LOAD ./Drivers/STM32L5xx_HAL_Driver/Src/stm32l5xx_hal_gpio.o
LOAD ./Drivers/STM32L5xx_HAL_Driver/Src/stm32l5xx_hal_i2c.o
LOAD ./Drivers/STM32L5xx_HAL_Driver/Src/stm32l5xx_hal_i2c_ex.o
LOAD ./Drivers/STM32L5xx_HAL_Driver/Src/stm32l5xx_hal_icache.o
LOAD ./Drivers/STM32L5xx_HAL_Driver/Src/stm32l5xx_hal_pcd.o
LOAD ./Drivers/STM32L5xx_HAL_Driver/Src/stm32l5xx_hal_pcd_ex.o
LOAD ./Drivers/STM32L5xx_HAL_Driver/Src/stm32l5xx_hal_pwr.o
LOAD ./Drivers/STM32L5xx_HAL_Driver/Src/stm32l5xx_hal_pwr_ex.o
LOAD ./Drivers/STM32L5xx_HAL_Driver/Src/stm32l5xx_hal_rcc.o
LOAD ./Drivers/STM32L5xx_HAL_Driver/Src/stm32l5xx_hal_rcc_ex.o
LOAD ./Drivers/STM32L5xx_HAL_Driver/Src/stm32l5xx_hal_rtc.o
LOAD ./Drivers/STM32L5xx_HAL_Driver/Src/stm32l5xx_hal_rtc_ex.o
LOAD ./Drivers/STM32L5xx_HAL_Driver/Src/stm32l5xx_hal_tim.o
LOAD ./Drivers/STM32L5xx_HAL_Driver/Src/stm32l5xx_hal_tim_ex.o
LOAD ./Drivers/STM32L5xx_HAL_Driver/Src/stm32l5xx_hal_uart.o
LOAD ./Drivers/STM32L5xx_HAL_Driver/Src/stm32l5xx_hal_uart_ex.o
LOAD ./Drivers/STM32L5xx_HAL_Driver/Src/stm32l5xx_ll_dma.o
LOAD ./Drivers/STM32L5xx_HAL_Driver/Src/stm32l5xx_ll_exti.o
LOAD ./Drivers/STM32L5xx_HAL_Driver/Src/stm32l5xx_ll_gpio.o
LOAD ./Drivers/STM32L5xx_HAL_Driver/Src/stm32l5xx_ll_ucpd.o
LOAD ./Drivers/STM32L5xx_HAL_Driver/Src/stm32l5xx_ll_usb.o
LOAD ./Drivers/STM32L5xx_HAL_Driver/Src/stm32l5xx_ll_utils.o
START GROUP
LOAD C:/ST/STM32CubeIDE_1.15.0/STM32CubeIDE/plugins/com.st.stm32cube.ide.mcu.externaltools.gnu-tools-for-stm32.12.3.rel1.win32_1.0.100.202403111256/tools/bin/../lib/gcc/arm-none-eabi/12.3.1/../../../../arm-none-eabi/lib/thumb/v8-m.main+fp/hard\libc_nano.a
LOAD C:/ST/STM32CubeIDE_1.15.0/STM32CubeIDE/plugins/com.st.stm32cube.ide.mcu.externaltools.gnu-tools-for-stm32.12.3.rel1.win32_1.0.100.202403111256/tools/bin/../lib/gcc/arm-none-eabi/12.3.1/../../../../arm-none-eabi/lib/thumb/v8-m.main+fp/hard\libm.a
END GROUP
START GROUP
LOAD C:/ST/STM32CubeIDE_1.15.0/STM32CubeIDE/plugins/com.st.stm32cube.ide.mcu.externaltools.gnu-tools-for-stm32.12.3.rel1.win32_1.0.100.202403111256/tools/bin/../lib/gcc/arm-none-eabi/12.3.1/thumb/v8-m.main+fp/hard\libgcc.a
LOAD C:/ST/STM32CubeIDE_1.15.0/STM32CubeIDE/plugins/com.st.stm32cube.ide.mcu.externaltools.gnu-tools-for-stm32.12.3.rel1.win32_1.0.100.202403111256/tools/bin/../lib/gcc/arm-none-eabi/12.3.1/../../../../arm-none-eabi/lib/thumb/v8-m.main+fp/hard\libc_nano.a
END GROUP
START GROUP
LOAD C:/ST/STM32CubeIDE_1.15.0/STM32CubeIDE/plugins/com.st.stm32cube.ide.mcu.externaltools.gnu-tools-for-stm32.12.3.rel1.win32_1.0.100.202403111256/tools/bin/../lib/gcc/arm-none-eabi/12.3.1/thumb/v8-m.main+fp/hard\libgcc.a
LOAD C:/ST/STM32CubeIDE_1.15.0/STM32CubeIDE/plugins/com.st.stm32cube.ide.mcu.externaltools.gnu-tools-for-stm32.12.3.rel1.win32_1.0.100.202403111256/tools/bin/../lib/gcc/arm-none-eabi/12.3.1/../../../../arm-none-eabi/lib/thumb/v8-m.main+fp/hard\libc_nano.a
LOAD C:/ST/STM32CubeIDE_1.15.0/STM32CubeIDE/plugins/com.st.stm32cube.ide.mcu.externaltools.gnu-tools-for-stm32.12.3.rel1.win32_1.0.100.202403111256/tools/bin/../lib/gcc/arm-none-eabi/12.3.1/../../../../arm-none-eabi/lib/thumb/v8-m.main+fp/hard\libnosys.a
END GROUP
START GROUP
LOAD C:/ST/STM32CubeIDE_1.15.0/STM32CubeIDE/plugins/com.st.stm32cube.ide.mcu.externaltools.gnu-tools-for-stm32.12.3.rel1.win32_1.0.100.202403111256/tools/bin/../lib/gcc/arm-none-eabi/12.3.1/thumb/v8-m.main+fp/hard\libgcc.a
LOAD C:/ST/STM32CubeIDE_1.15.0/STM32CubeIDE/plugins/com.st.stm32cube.ide.mcu.externaltools.gnu-tools-for-stm32.12.3.rel1.win32_1.0.100.202403111256/tools/bin/../lib/gcc/arm-none-eabi/12.3.1/../../../../arm-none-eabi/lib/thumb/v8-m.main+fp/hard\libc_nano.a
LOAD C:/ST/STM32CubeIDE_1.15.0/STM32CubeIDE/plugins/com.st.stm32cube.ide.mcu.externaltools.gnu-tools-for-stm32.12.3.rel1.win32_1.0.100.202403111256/tools/bin/../lib/gcc/arm-none-eabi/12.3.1/../../../../arm-none-eabi/lib/thumb/v8-m.main+fp/hard\libnosys.a
END GROUP
LOAD C:/ST/STM32CubeIDE_1.15.0/STM32CubeIDE/plugins/com.st.stm32cube.ide.mcu.externaltools.gnu-tools-for-stm32.12.3.rel1.win32_1.0.100.202403111256/tools/bin/../lib/gcc/arm-none-eabi/12.3.1/thumb/v8-m.main+fp/hard/crtend.o
LOAD C:/ST/STM32CubeIDE_1.15.0/STM32CubeIDE/plugins/com.st.stm32cube.ide.mcu.externaltools.gnu-tools-for-stm32.12.3.rel1.win32_1.0.100.202403111256/tools/bin/../lib/gcc/arm-none-eabi/12.3.1/thumb/v8-m.main+fp/hard/crtn.o
                0x20030000                        _estack = (ORIGIN (RAM) + LENGTH (RAM))
                0x00000200                        _Min_Heap_Size = 0x200
                0x00000400                        _Min_Stack_Size = 0x400

.isr_vector     0x08000000      0x1f4
                0x08000000                        . = ALIGN (0x4)
 *(.isr_vector)
 .isr_vector    0x08000000      0x1f4 ./Core/Startup/startup_stm32l552zetxq.o
                0x08000000                g_pfnVectors
                0x080001f4                        . = ALIGN (0x4)

.text           0x080001f4     0x6494
                0x080001f4                        . = ALIGN (0x4)
 *(.text)
 .text          0x080001f4       0x40 C:/ST/STM32CubeIDE_1.15.0/STM32CubeIDE/plugins/com.st.stm32cube.ide.mcu.externaltools.gnu-tools-for-stm32.12.3.rel1.win32_1.0.100.202403111256/tools/bin/../lib/gcc/arm-none-eabi/12.3.1/thumb/v8-m.main+fp/hard/crtbegin.o
 .text          0x08000234       0x30 C:/ST/STM32CubeIDE_1.15.0/STM32CubeIDE/plugins/com.st.stm32cube.ide.mcu.externaltools.gnu-tools-for-stm32.12.3.rel1.win32_1.0.100.202403111256/tools/bin/../lib/gcc/arm-none-eabi/12.3.1/thumb/v8-m.main+fp/hard\libgcc.a(_aeabi_uldivmod.o)
                0x08000234                __aeabi_uldivmod
 .text          0x08000264      0x2e4 C:/ST/STM32CubeIDE_1.15.0/STM32CubeIDE/plugins/com.st.stm32cube.ide.mcu.externaltools.gnu-tools-for-stm32.12.3.rel1.win32_1.0.100.202403111256/tools/bin/../lib/gcc/arm-none-eabi/12.3.1/thumb/v8-m.main+fp/hard\libgcc.a(_udivmoddi4.o)
                0x08000264                __udivmoddi4
 .text          0x08000548        0x4 C:/ST/STM32CubeIDE_1.15.0/STM32CubeIDE/plugins/com.st.stm32cube.ide.mcu.externaltools.gnu-tools-for-stm32.12.3.rel1.win32_1.0.100.202403111256/tools/bin/../lib/gcc/arm-none-eabi/12.3.1/thumb/v8-m.main+fp/hard\libgcc.a(_dvmd_tls.o)
                0x08000548                __aeabi_idiv0
                0x08000548                __aeabi_ldiv0
 *(.text*)
 .text.initialise_CAN
                0x0800054c       0x54 ./Core/Src/can.o
                0x0800054c                initialise_CAN
 .text.create_TxHeader
                0x080005a0       0x4a ./Core/Src/can.o
                0x080005a0                create_TxHeader
 *fill*         0x080005ea        0x2 
 .text.send_CAN
                0x080005ec       0x58 ./Core/Src/can.o
                0x080005ec                send_CAN
 .text.send_angles
                0x08000644       0x58 ./Core/Src/can.o
                0x08000644                send_angles
 .text.HAL_FDCAN_RxFifo0Callback
                0x0800069c       0x34 ./Core/Src/can.o
                0x0800069c                HAL_FDCAN_RxFifo0Callback
 .text.HAL_FDCAN_TxBufferCompleteCallback
                0x080006d0       0x18 ./Core/Src/can.o
                0x080006d0                HAL_FDCAN_TxBufferCompleteCallback
 .text.HAL_FDCAN_ErrorCallback
                0x080006e8       0x20 ./Core/Src/can.o
                0x080006e8                HAL_FDCAN_ErrorCallback
 .text.LL_AHB2_GRP1_EnableClock
                0x08000708       0x30 ./Core/Src/main.o
 .text.LL_APB1_GRP2_EnableClock
                0x08000738       0x30 ./Core/Src/main.o
 .text.main     0x08000768       0x74 ./Core/Src/main.o
                0x08000768                main
 .text.SystemClock_Config
                0x080007dc       0xd0 ./Core/Src/main.o
                0x080007dc                SystemClock_Config
 .text.MX_ADC1_Init
                0x080008ac       0xec ./Core/Src/main.o
 .text.MX_FDCAN1_Init
                0x08000998       0x8c ./Core/Src/main.o
 .text.MX_ICACHE_Init
                0x08000a24       0x26 ./Core/Src/main.o
 *fill*         0x08000a4a        0x2 
 .text.MX_LPUART1_UART_Init
                0x08000a4c       0x9c ./Core/Src/main.o
 .text.MX_RTC_Init
                0x08000ae8       0x94 ./Core/Src/main.o
 .text.MX_UCPD1_Init
                0x08000b7c       0x6c ./Core/Src/main.o
 .text.MX_USB_PCD_Init
                0x08000be8       0x50 ./Core/Src/main.o
 .text.MX_GPIO_Init
                0x08000c38      0x124 ./Core/Src/main.o
 .text.Error_Handler
                0x08000d5c        0xc ./Core/Src/main.o
                0x08000d5c                Error_Handler
 .text.HAL_MspInit
                0x08000d68       0x48 ./Core/Src/stm32l5xx_hal_msp.o
                0x08000d68                HAL_MspInit
 .text.HAL_ADC_MspInit
                0x08000db0       0xb4 ./Core/Src/stm32l5xx_hal_msp.o
                0x08000db0                HAL_ADC_MspInit
 .text.HAL_FDCAN_MspInit
                0x08000e64       0xe0 ./Core/Src/stm32l5xx_hal_msp.o
                0x08000e64                HAL_FDCAN_MspInit
 .text.HAL_UART_MspInit
                0x08000f44       0xc0 ./Core/Src/stm32l5xx_hal_msp.o
                0x08000f44                HAL_UART_MspInit
 .text.HAL_RTC_MspInit
                0x08001004       0x7c ./Core/Src/stm32l5xx_hal_msp.o
                0x08001004                HAL_RTC_MspInit
 .text.HAL_PCD_MspInit
                0x08001080       0xc0 ./Core/Src/stm32l5xx_hal_msp.o
                0x08001080                HAL_PCD_MspInit
 .text.NMI_Handler
                0x08001140        0x8 ./Core/Src/stm32l5xx_it.o
                0x08001140                NMI_Handler
 .text.HardFault_Handler
                0x08001148        0x8 ./Core/Src/stm32l5xx_it.o
                0x08001148                HardFault_Handler
 .text.MemManage_Handler
                0x08001150        0x8 ./Core/Src/stm32l5xx_it.o
                0x08001150                MemManage_Handler
 .text.BusFault_Handler
                0x08001158        0x8 ./Core/Src/stm32l5xx_it.o
                0x08001158                BusFault_Handler
 .text.UsageFault_Handler
                0x08001160        0x8 ./Core/Src/stm32l5xx_it.o
                0x08001160                UsageFault_Handler
 .text.SVC_Handler
                0x08001168        0xe ./Core/Src/stm32l5xx_it.o
                0x08001168                SVC_Handler
 .text.DebugMon_Handler
                0x08001176        0xe ./Core/Src/stm32l5xx_it.o
                0x08001176                DebugMon_Handler
 .text.PendSV_Handler
                0x08001184        0xe ./Core/Src/stm32l5xx_it.o
                0x08001184                PendSV_Handler
 .text.SysTick_Handler
                0x08001192        0xc ./Core/Src/stm32l5xx_it.o
                0x08001192                SysTick_Handler
 *fill*         0x0800119e        0x2 
 .text.FDCAN1_IT0_IRQHandler
                0x080011a0       0x14 ./Core/Src/stm32l5xx_it.o
                0x080011a0                FDCAN1_IT0_IRQHandler
 .text.FDCAN1_IT1_IRQHandler
                0x080011b4       0x14 ./Core/Src/stm32l5xx_it.o
                0x080011b4                FDCAN1_IT1_IRQHandler
 .text.SystemInit
                0x080011c8       0x24 ./Core/Src/system_stm32l5xx.o
                0x080011c8                SystemInit
 .text.SystemCoreClockUpdate
                0x080011ec      0x15c ./Core/Src/system_stm32l5xx.o
                0x080011ec                SystemCoreClockUpdate
 .text.Reset_Handler
                0x08001348       0x50 ./Core/Startup/startup_stm32l552zetxq.o
                0x08001348                Reset_Handler
 .text.Default_Handler
                0x08001398        0x2 ./Core/Startup/startup_stm32l552zetxq.o
                0x08001398                EXTI2_IRQHandler
                0x08001398                TIM8_TRG_COM_IRQHandler
                0x08001398                TIM8_CC_IRQHandler
                0x08001398                EXTI5_IRQHandler
                0x08001398                FLASH_S_IRQHandler
                0x08001398                EXTI13_IRQHandler
                0x08001398                TIM1_CC_IRQHandler
                0x08001398                TSC_IRQHandler
                0x08001398                TAMP_IRQHandler
                0x08001398                TIM6_IRQHandler
                0x08001398                EXTI12_IRQHandler
                0x08001398                DMA2_Channel8_IRQHandler
                0x08001398                EXTI3_IRQHandler
                0x08001398                EXTI8_IRQHandler
                0x08001398                LPTIM2_IRQHandler
                0x08001398                DFSDM1_FLT1_IRQHandler
                0x08001398                USB_FS_IRQHandler
                0x08001398                I2C3_ER_IRQHandler
                0x08001398                DFSDM1_FLT2_IRQHandler
                0x08001398                DMAMUX1_IRQHandler
                0x08001398                LPTIM3_IRQHandler
                0x08001398                EXTI0_IRQHandler
                0x08001398                I2C2_EV_IRQHandler
                0x08001398                FPU_IRQHandler
                0x08001398                ADC1_2_IRQHandler
                0x08001398                SPI1_IRQHandler
                0x08001398                OCTOSPI1_IRQHandler
                0x08001398                TIM8_UP_IRQHandler
                0x08001398                RCC_S_IRQHandler
                0x08001398                DMA2_Channel2_IRQHandler
                0x08001398                DMA1_Channel4_IRQHandler
                0x08001398                SAI2_IRQHandler
                0x08001398                DFSDM1_FLT3_IRQHandler
                0x08001398                EXTI15_IRQHandler
                0x08001398                TIM17_IRQHandler
                0x08001398                USART3_IRQHandler
                0x08001398                RTC_IRQHandler
                0x08001398                EXTI9_IRQHandler
                0x08001398                DMA1_Channel7_IRQHandler
                0x08001398                UART5_IRQHandler
                0x08001398                TIM4_IRQHandler
                0x08001398                DMA2_Channel1_IRQHandler
                0x08001398                I2C1_EV_IRQHandler
                0x08001398                DMA1_Channel6_IRQHandler
                0x08001398                TIM16_IRQHandler
                0x08001398                UART4_IRQHandler
                0x08001398                DMA2_Channel4_IRQHandler
                0x08001398                SecureFault_Handler
                0x08001398                TIM3_IRQHandler
                0x08001398                RCC_IRQHandler
                0x08001398                TIM1_TRG_COM_IRQHandler
                0x08001398                DMA1_Channel1_IRQHandler
                0x08001398                Default_Handler
                0x08001398                DMA2_Channel7_IRQHandler
                0x08001398                DMA1_Channel8_IRQHandler
                0x08001398                TIM7_IRQHandler
                0x08001398                SDMMC1_IRQHandler
                0x08001398                TIM5_IRQHandler
                0x08001398                UCPD1_IRQHandler
                0x08001398                TIM15_IRQHandler
                0x08001398                I2C3_EV_IRQHandler
                0x08001398                PVD_PVM_IRQHandler
                0x08001398                SPI2_IRQHandler
                0x08001398                EXTI14_IRQHandler
                0x08001398                EXTI11_IRQHandler
                0x08001398                DMA2_Channel5_IRQHandler
                0x08001398                CRS_IRQHandler
                0x08001398                DMA1_Channel5_IRQHandler
                0x08001398                EXTI4_IRQHandler
                0x08001398                RTC_S_IRQHandler
                0x08001398                RNG_IRQHandler
                0x08001398                DMAMUX1_S_IRQHandler
                0x08001398                DMA1_Channel3_IRQHandler
                0x08001398                COMP_IRQHandler
                0x08001398                TIM1_UP_IRQHandler
                0x08001398                WWDG_IRQHandler
                0x08001398                I2C4_EV_IRQHandler
                0x08001398                LPUART1_IRQHandler
                0x08001398                DMA2_Channel6_IRQHandler
                0x08001398                TIM2_IRQHandler
                0x08001398                TAMP_S_IRQHandler
                0x08001398                EXTI7_IRQHandler
                0x08001398                TIM1_BRK_IRQHandler
                0x08001398                DAC_IRQHandler
                0x08001398                EXTI1_IRQHandler
                0x08001398                GTZC_IRQHandler
                0x08001398                USART2_IRQHandler
                0x08001398                DFSDM1_FLT0_IRQHandler
                0x08001398                I2C2_ER_IRQHandler
                0x08001398                DMA1_Channel2_IRQHandler
                0x08001398                TIM8_BRK_IRQHandler
                0x08001398                FLASH_IRQHandler
                0x08001398                USART1_IRQHandler
                0x08001398                EXTI10_IRQHandler
                0x08001398                SPI3_IRQHandler
                0x08001398                I2C1_ER_IRQHandler
                0x08001398                FMC_IRQHandler
                0x08001398                EXTI6_IRQHandler
                0x08001398                LPTIM1_IRQHandler
                0x08001398                I2C4_ER_IRQHandler
                0x08001398                ICACHE_IRQHandler
                0x08001398                SAI1_IRQHandler
                0x08001398                HASH_IRQHandler
                0x08001398                DMA2_Channel3_IRQHandler
 .text.HAL_Init
                0x0800139a       0x34 ./Drivers/STM32L5xx_HAL_Driver/Src/stm32l5xx_hal.o
                0x0800139a                HAL_Init
 *fill*         0x080013ce        0x2 
 .text.HAL_InitTick
                0x080013d0       0x78 ./Drivers/STM32L5xx_HAL_Driver/Src/stm32l5xx_hal.o
                0x080013d0                HAL_InitTick
 .text.HAL_IncTick
                0x08001448       0x28 ./Drivers/STM32L5xx_HAL_Driver/Src/stm32l5xx_hal.o
                0x08001448                HAL_IncTick
 .text.HAL_GetTick
                0x08001470       0x18 ./Drivers/STM32L5xx_HAL_Driver/Src/stm32l5xx_hal.o
                0x08001470                HAL_GetTick
 .text.HAL_Delay
                0x08001488       0x48 ./Drivers/STM32L5xx_HAL_Driver/Src/stm32l5xx_hal.o
                0x08001488                HAL_Delay
 .text.LL_ADC_SetCommonClock
                0x080014d0       0x26 ./Drivers/STM32L5xx_HAL_Driver/Src/stm32l5xx_hal_adc.o
 .text.LL_ADC_SetCommonPathInternalCh
                0x080014f6       0x26 ./Drivers/STM32L5xx_HAL_Driver/Src/stm32l5xx_hal_adc.o
 .text.LL_ADC_GetCommonPathInternalCh
                0x0800151c       0x1c ./Drivers/STM32L5xx_HAL_Driver/Src/stm32l5xx_hal_adc.o
 .text.LL_ADC_SetOffset
                0x08001538       0x48 ./Drivers/STM32L5xx_HAL_Driver/Src/stm32l5xx_hal_adc.o
 .text.LL_ADC_GetOffsetChannel
                0x08001580       0x2c ./Drivers/STM32L5xx_HAL_Driver/Src/stm32l5xx_hal_adc.o
 .text.LL_ADC_SetOffsetState
                0x080015ac       0x36 ./Drivers/STM32L5xx_HAL_Driver/Src/stm32l5xx_hal_adc.o
 .text.LL_ADC_SetSamplingTimeCommonConfig
                0x080015e2       0x26 ./Drivers/STM32L5xx_HAL_Driver/Src/stm32l5xx_hal_adc.o
 .text.LL_ADC_REG_SetSequencerRanks
                0x08001608       0x58 ./Drivers/STM32L5xx_HAL_Driver/Src/stm32l5xx_hal_adc.o
 .text.LL_ADC_SetChannelSamplingTime
                0x08001660       0x56 ./Drivers/STM32L5xx_HAL_Driver/Src/stm32l5xx_hal_adc.o
 *fill*         0x080016b6        0x2 
 .text.LL_ADC_SetChannelSingleDiff
                0x080016b8       0x48 ./Drivers/STM32L5xx_HAL_Driver/Src/stm32l5xx_hal_adc.o
 .text.LL_ADC_DisableDeepPowerDown
                0x08001700       0x24 ./Drivers/STM32L5xx_HAL_Driver/Src/stm32l5xx_hal_adc.o
 .text.LL_ADC_IsDeepPowerDownEnabled
                0x08001724       0x28 ./Drivers/STM32L5xx_HAL_Driver/Src/stm32l5xx_hal_adc.o
 .text.LL_ADC_EnableInternalRegulator
                0x0800174c       0x28 ./Drivers/STM32L5xx_HAL_Driver/Src/stm32l5xx_hal_adc.o
 .text.LL_ADC_IsInternalRegulatorEnabled
                0x08001774       0x28 ./Drivers/STM32L5xx_HAL_Driver/Src/stm32l5xx_hal_adc.o
 .text.LL_ADC_IsEnabled
                0x0800179c       0x26 ./Drivers/STM32L5xx_HAL_Driver/Src/stm32l5xx_hal_adc.o
 .text.LL_ADC_REG_IsConversionOngoing
                0x080017c2       0x26 ./Drivers/STM32L5xx_HAL_Driver/Src/stm32l5xx_hal_adc.o
 .text.LL_ADC_INJ_IsConversionOngoing
                0x080017e8       0x26 ./Drivers/STM32L5xx_HAL_Driver/Src/stm32l5xx_hal_adc.o
 *fill*         0x0800180e        0x2 
 .text.HAL_ADC_Init
                0x08001810      0x298 ./Drivers/STM32L5xx_HAL_Driver/Src/stm32l5xx_hal_adc.o
                0x08001810                HAL_ADC_Init
 .text.HAL_ADC_ConfigChannel
                0x08001aa8      0x7d4 ./Drivers/STM32L5xx_HAL_Driver/Src/stm32l5xx_hal_adc.o
                0x08001aa8                HAL_ADC_ConfigChannel
 .text.LL_ADC_IsEnabled
                0x0800227c       0x26 ./Drivers/STM32L5xx_HAL_Driver/Src/stm32l5xx_hal_adc_ex.o
 .text.LL_ADC_REG_IsConversionOngoing
                0x080022a2       0x26 ./Drivers/STM32L5xx_HAL_Driver/Src/stm32l5xx_hal_adc_ex.o
 .text.HAL_ADCEx_MultiModeConfigChannel
                0x080022c8      0x148 ./Drivers/STM32L5xx_HAL_Driver/Src/stm32l5xx_hal_adc_ex.o
                0x080022c8                HAL_ADCEx_MultiModeConfigChannel
 .text.__NVIC_SetPriorityGrouping
                0x08002410       0x48 ./Drivers/STM32L5xx_HAL_Driver/Src/stm32l5xx_hal_cortex.o
 .text.__NVIC_GetPriorityGrouping
                0x08002458       0x1c ./Drivers/STM32L5xx_HAL_Driver/Src/stm32l5xx_hal_cortex.o
 .text.__NVIC_EnableIRQ
                0x08002474       0x3c ./Drivers/STM32L5xx_HAL_Driver/Src/stm32l5xx_hal_cortex.o
 .text.__NVIC_SetPriority
                0x080024b0       0x54 ./Drivers/STM32L5xx_HAL_Driver/Src/stm32l5xx_hal_cortex.o
 .text.NVIC_EncodePriority
                0x08002504       0x66 ./Drivers/STM32L5xx_HAL_Driver/Src/stm32l5xx_hal_cortex.o
 *fill*         0x0800256a        0x2 
 .text.SysTick_Config
                0x0800256c       0x44 ./Drivers/STM32L5xx_HAL_Driver/Src/stm32l5xx_hal_cortex.o
 .text.HAL_NVIC_SetPriorityGrouping
                0x080025b0       0x16 ./Drivers/STM32L5xx_HAL_Driver/Src/stm32l5xx_hal_cortex.o
                0x080025b0                HAL_NVIC_SetPriorityGrouping
 .text.HAL_NVIC_SetPriority
                0x080025c6       0x34 ./Drivers/STM32L5xx_HAL_Driver/Src/stm32l5xx_hal_cortex.o
                0x080025c6                HAL_NVIC_SetPriority
 .text.HAL_NVIC_EnableIRQ
                0x080025fa       0x1c ./Drivers/STM32L5xx_HAL_Driver/Src/stm32l5xx_hal_cortex.o
                0x080025fa                HAL_NVIC_EnableIRQ
 .text.HAL_SYSTICK_Config
                0x08002616       0x18 ./Drivers/STM32L5xx_HAL_Driver/Src/stm32l5xx_hal_cortex.o
                0x08002616                HAL_SYSTICK_Config
 *fill*         0x0800262e        0x2 
 .text.HAL_FDCAN_Init
                0x08002630      0x2a4 ./Drivers/STM32L5xx_HAL_Driver/Src/stm32l5xx_hal_fdcan.o
                0x08002630                HAL_FDCAN_Init
 .text.HAL_FDCAN_Start
                0x080028d4       0x50 ./Drivers/STM32L5xx_HAL_Driver/Src/stm32l5xx_hal_fdcan.o
                0x080028d4                HAL_FDCAN_Start
 .text.HAL_FDCAN_AddMessageToTxFifoQ
                0x08002924       0x88 ./Drivers/STM32L5xx_HAL_Driver/Src/stm32l5xx_hal_fdcan.o
                0x08002924                HAL_FDCAN_AddMessageToTxFifoQ
 .text.HAL_FDCAN_GetRxMessage
                0x080029ac      0x210 ./Drivers/STM32L5xx_HAL_Driver/Src/stm32l5xx_hal_fdcan.o
                0x080029ac                HAL_FDCAN_GetRxMessage
 .text.HAL_FDCAN_GetTxFifoFreeLevel
                0x08002bbc       0x24 ./Drivers/STM32L5xx_HAL_Driver/Src/stm32l5xx_hal_fdcan.o
                0x08002bbc                HAL_FDCAN_GetTxFifoFreeLevel
 .text.HAL_FDCAN_ActivateNotification
                0x08002be0      0x1cc ./Drivers/STM32L5xx_HAL_Driver/Src/stm32l5xx_hal_fdcan.o
                0x08002be0                HAL_FDCAN_ActivateNotification
 .text.HAL_FDCAN_IRQHandler
                0x08002dac      0x24a ./Drivers/STM32L5xx_HAL_Driver/Src/stm32l5xx_hal_fdcan.o
                0x08002dac                HAL_FDCAN_IRQHandler
 .text.HAL_FDCAN_TxEventFifoCallback
                0x08002ff6       0x16 ./Drivers/STM32L5xx_HAL_Driver/Src/stm32l5xx_hal_fdcan.o
                0x08002ff6                HAL_FDCAN_TxEventFifoCallback
 .text.HAL_FDCAN_RxFifo1Callback
                0x0800300c       0x16 ./Drivers/STM32L5xx_HAL_Driver/Src/stm32l5xx_hal_fdcan.o
                0x0800300c                HAL_FDCAN_RxFifo1Callback
 .text.HAL_FDCAN_TxFifoEmptyCallback
                0x08003022       0x14 ./Drivers/STM32L5xx_HAL_Driver/Src/stm32l5xx_hal_fdcan.o
                0x08003022                HAL_FDCAN_TxFifoEmptyCallback
 .text.HAL_FDCAN_TxBufferAbortCallback
                0x08003036       0x16 ./Drivers/STM32L5xx_HAL_Driver/Src/stm32l5xx_hal_fdcan.o
                0x08003036                HAL_FDCAN_TxBufferAbortCallback
 .text.HAL_FDCAN_TimestampWraparoundCallback
                0x0800304c       0x14 ./Drivers/STM32L5xx_HAL_Driver/Src/stm32l5xx_hal_fdcan.o
                0x0800304c                HAL_FDCAN_TimestampWraparoundCallback
 .text.HAL_FDCAN_TimeoutOccurredCallback
                0x08003060       0x14 ./Drivers/STM32L5xx_HAL_Driver/Src/stm32l5xx_hal_fdcan.o
                0x08003060                HAL_FDCAN_TimeoutOccurredCallback
 .text.HAL_FDCAN_HighPriorityMessageCallback
                0x08003074       0x14 ./Drivers/STM32L5xx_HAL_Driver/Src/stm32l5xx_hal_fdcan.o
                0x08003074                HAL_FDCAN_HighPriorityMessageCallback
 .text.HAL_FDCAN_ErrorStatusCallback
                0x08003088       0x16 ./Drivers/STM32L5xx_HAL_Driver/Src/stm32l5xx_hal_fdcan.o
                0x08003088                HAL_FDCAN_ErrorStatusCallback
 *fill*         0x0800309e        0x2 
 .text.FDCAN_CalcultateRamBlockAddresses
                0x080030a0       0xac ./Drivers/STM32L5xx_HAL_Driver/Src/stm32l5xx_hal_fdcan.o
 .text.FDCAN_CopyMessageToRAM
                0x0800314c       0xf8 ./Drivers/STM32L5xx_HAL_Driver/Src/stm32l5xx_hal_fdcan.o
 .text.HAL_GPIO_Init
                0x08003244      0x300 ./Drivers/STM32L5xx_HAL_Driver/Src/stm32l5xx_hal_gpio.o
                0x08003244                HAL_GPIO_Init
 .text.HAL_GPIO_WritePin
                0x08003544       0x30 ./Drivers/STM32L5xx_HAL_Driver/Src/stm32l5xx_hal_gpio.o
                0x08003544                HAL_GPIO_WritePin
 .text.HAL_ICACHE_ConfigAssociativityMode
                0x08003574       0x40 ./Drivers/STM32L5xx_HAL_Driver/Src/stm32l5xx_hal_icache.o
                0x08003574                HAL_ICACHE_ConfigAssociativityMode
 .text.HAL_ICACHE_Enable
                0x080035b4       0x20 ./Drivers/STM32L5xx_HAL_Driver/Src/stm32l5xx_hal_icache.o
                0x080035b4                HAL_ICACHE_Enable
 .text.HAL_PCD_Init
                0x080035d4      0x19c ./Drivers/STM32L5xx_HAL_Driver/Src/stm32l5xx_hal_pcd.o
                0x080035d4                HAL_PCD_Init
 .text.HAL_PCDEx_ActivateLPM
                0x08003770       0x54 ./Drivers/STM32L5xx_HAL_Driver/Src/stm32l5xx_hal_pcd_ex.o
                0x08003770                HAL_PCDEx_ActivateLPM
 .text.HAL_PWR_EnableBkUpAccess
                0x080037c4       0x20 ./Drivers/STM32L5xx_HAL_Driver/Src/stm32l5xx_hal_pwr.o
                0x080037c4                HAL_PWR_EnableBkUpAccess
 .text.HAL_PWREx_GetVoltageRange
                0x080037e4       0x1c ./Drivers/STM32L5xx_HAL_Driver/Src/stm32l5xx_hal_pwr_ex.o
                0x080037e4                HAL_PWREx_GetVoltageRange
 .text.HAL_PWREx_ControlVoltageScaling
                0x08003800       0xb8 ./Drivers/STM32L5xx_HAL_Driver/Src/stm32l5xx_hal_pwr_ex.o
                0x08003800                HAL_PWREx_ControlVoltageScaling
 .text.HAL_PWREx_EnableVddIO2
                0x080038b8       0x20 ./Drivers/STM32L5xx_HAL_Driver/Src/stm32l5xx_hal_pwr_ex.o
                0x080038b8                HAL_PWREx_EnableVddIO2
 .text.HAL_PWREx_SMPS_GetEffectiveMode
                0x080038d8       0x48 ./Drivers/STM32L5xx_HAL_Driver/Src/stm32l5xx_hal_pwr_ex.o
                0x080038d8                HAL_PWREx_SMPS_GetEffectiveMode
 .text.HAL_RCC_OscConfig
                0x08003920      0x9ac ./Drivers/STM32L5xx_HAL_Driver/Src/stm32l5xx_hal_rcc.o
                0x08003920                HAL_RCC_OscConfig
 .text.HAL_RCC_ClockConfig
                0x080042cc      0x270 ./Drivers/STM32L5xx_HAL_Driver/Src/stm32l5xx_hal_rcc.o
                0x080042cc                HAL_RCC_ClockConfig
 .text.HAL_RCC_GetSysClockFreq
                0x0800453c      0x13c ./Drivers/STM32L5xx_HAL_Driver/Src/stm32l5xx_hal_rcc.o
                0x0800453c                HAL_RCC_GetSysClockFreq
 .text.HAL_RCC_GetHCLKFreq
                0x08004678       0x28 ./Drivers/STM32L5xx_HAL_Driver/Src/stm32l5xx_hal_rcc.o
                0x08004678                HAL_RCC_GetHCLKFreq
 .text.HAL_RCC_GetPCLK1Freq
                0x080046a0       0x28 ./Drivers/STM32L5xx_HAL_Driver/Src/stm32l5xx_hal_rcc.o
                0x080046a0                HAL_RCC_GetPCLK1Freq
 .text.HAL_RCC_GetPCLK2Freq
                0x080046c8       0x28 ./Drivers/STM32L5xx_HAL_Driver/Src/stm32l5xx_hal_rcc.o
                0x080046c8                HAL_RCC_GetPCLK2Freq
 .text.RCC_SetFlashLatencyFromMSIRange
                0x080046f0       0xc8 ./Drivers/STM32L5xx_HAL_Driver/Src/stm32l5xx_hal_rcc.o
 .text.RCC_GetSysClockFreqFromPLLSource
                0x080047b8       0xdc ./Drivers/STM32L5xx_HAL_Driver/Src/stm32l5xx_hal_rcc.o
 .text.HAL_RCCEx_PeriphCLKConfig
                0x08004894      0x708 ./Drivers/STM32L5xx_HAL_Driver/Src/stm32l5xx_hal_rcc_ex.o
                0x08004894                HAL_RCCEx_PeriphCLKConfig
 .text.RCCEx_PLLSAI1_Config
                0x08004f9c      0x1cc ./Drivers/STM32L5xx_HAL_Driver/Src/stm32l5xx_hal_rcc_ex.o
 .text.RCCEx_PLLSAI2_Config
                0x08005168      0x158 ./Drivers/STM32L5xx_HAL_Driver/Src/stm32l5xx_hal_rcc_ex.o
 .text.HAL_RTC_Init
                0x080052c0       0xf0 ./Drivers/STM32L5xx_HAL_Driver/Src/stm32l5xx_hal_rtc.o
                0x080052c0                HAL_RTC_Init
 .text.HAL_RTC_WaitForSynchro
                0x080053b0       0x48 ./Drivers/STM32L5xx_HAL_Driver/Src/stm32l5xx_hal_rtc.o
                0x080053b0                HAL_RTC_WaitForSynchro
 .text.RTC_EnterInitMode
                0x080053f8       0x68 ./Drivers/STM32L5xx_HAL_Driver/Src/stm32l5xx_hal_rtc.o
                0x080053f8                RTC_EnterInitMode
 .text.RTC_ExitInitMode
                0x08005460       0x7c ./Drivers/STM32L5xx_HAL_Driver/Src/stm32l5xx_hal_rtc.o
                0x08005460                RTC_ExitInitMode
 .text.HAL_RTCEx_PrivilegeModeSet
                0x080054dc       0x58 ./Drivers/STM32L5xx_HAL_Driver/Src/stm32l5xx_hal_rtc_ex.o
                0x080054dc                HAL_RTCEx_PrivilegeModeSet
 .text.HAL_UART_Init
                0x08005534       0xa0 ./Drivers/STM32L5xx_HAL_Driver/Src/stm32l5xx_hal_uart.o
                0x08005534                HAL_UART_Init
 .text.UART_SetConfig
                0x080055d4      0x600 ./Drivers/STM32L5xx_HAL_Driver/Src/stm32l5xx_hal_uart.o
                0x080055d4                UART_SetConfig
 .text.UART_AdvFeatureConfig
                0x08005bd4      0x144 ./Drivers/STM32L5xx_HAL_Driver/Src/stm32l5xx_hal_uart.o
                0x08005bd4                UART_AdvFeatureConfig
 .text.UART_CheckIdleState
                0x08005d18      0x154 ./Drivers/STM32L5xx_HAL_Driver/Src/stm32l5xx_hal_uart.o
                0x08005d18                UART_CheckIdleState
 .text.UART_WaitOnFlagUntilTimeout
                0x08005e6c       0xda ./Drivers/STM32L5xx_HAL_Driver/Src/stm32l5xx_hal_uart.o
                0x08005e6c                UART_WaitOnFlagUntilTimeout
 .text.UART_EndRxTransfer
                0x08005f46       0xcc ./Drivers/STM32L5xx_HAL_Driver/Src/stm32l5xx_hal_uart.o
 .text.HAL_UARTEx_DisableFifoMode
                0x08006012       0x72 ./Drivers/STM32L5xx_HAL_Driver/Src/stm32l5xx_hal_uart_ex.o
                0x08006012                HAL_UARTEx_DisableFifoMode
 .text.HAL_UARTEx_SetTxFifoThreshold
                0x08006084       0x7c ./Drivers/STM32L5xx_HAL_Driver/Src/stm32l5xx_hal_uart_ex.o
                0x08006084                HAL_UARTEx_SetTxFifoThreshold
 .text.HAL_UARTEx_SetRxFifoThreshold
                0x08006100       0x7c ./Drivers/STM32L5xx_HAL_Driver/Src/stm32l5xx_hal_uart_ex.o
                0x08006100                HAL_UARTEx_SetRxFifoThreshold
 .text.UARTEx_SetNbDataToProcess
                0x0800617c       0x9c ./Drivers/STM32L5xx_HAL_Driver/Src/stm32l5xx_hal_uart_ex.o
 .text.LL_GPIO_SetPinMode
                0x08006218       0x7a ./Drivers/STM32L5xx_HAL_Driver/Src/stm32l5xx_ll_gpio.o
 .text.LL_GPIO_SetPinOutputType
                0x08006292       0x30 ./Drivers/STM32L5xx_HAL_Driver/Src/stm32l5xx_ll_gpio.o
 .text.LL_GPIO_SetPinSpeed
                0x080062c2       0x7a ./Drivers/STM32L5xx_HAL_Driver/Src/stm32l5xx_ll_gpio.o
 .text.LL_GPIO_SetPinPull
                0x0800633c       0x7a ./Drivers/STM32L5xx_HAL_Driver/Src/stm32l5xx_ll_gpio.o
 .text.LL_GPIO_SetAFPin_0_7
                0x080063b6       0x7a ./Drivers/STM32L5xx_HAL_Driver/Src/stm32l5xx_ll_gpio.o
 .text.LL_GPIO_SetAFPin_8_15
                0x08006430       0x7e ./Drivers/STM32L5xx_HAL_Driver/Src/stm32l5xx_ll_gpio.o
 .text.LL_GPIO_Init
                0x080064ae       0xda ./Drivers/STM32L5xx_HAL_Driver/Src/stm32l5xx_ll_gpio.o
                0x080064ae                LL_GPIO_Init
 .text.USB_DisableGlobalInt
                0x08006588       0x36 ./Drivers/STM32L5xx_HAL_Driver/Src/stm32l5xx_ll_usb.o
                0x08006588                USB_DisableGlobalInt
 .text.USB_DevInit
                0x080065be       0x3c ./Drivers/STM32L5xx_HAL_Driver/Src/stm32l5xx_ll_usb.o
                0x080065be                USB_DevInit
 .text.memset   0x080065fa       0x10 C:/ST/STM32CubeIDE_1.15.0/STM32CubeIDE/plugins/com.st.stm32cube.ide.mcu.externaltools.gnu-tools-for-stm32.12.3.rel1.win32_1.0.100.202403111256/tools/bin/../lib/gcc/arm-none-eabi/12.3.1/../../../../arm-none-eabi/lib/thumb/v8-m.main+fp/hard\libc_nano.a(libc_a-memset.o)
                0x080065fa                memset
 *fill*         0x0800660a        0x2 
 .text.__libc_init_array
                0x0800660c       0x48 C:/ST/STM32CubeIDE_1.15.0/STM32CubeIDE/plugins/com.st.stm32cube.ide.mcu.externaltools.gnu-tools-for-stm32.12.3.rel1.win32_1.0.100.202403111256/tools/bin/../lib/gcc/arm-none-eabi/12.3.1/../../../../arm-none-eabi/lib/thumb/v8-m.main+fp/hard\libc_nano.a(libc_a-init.o)
                0x0800660c                __libc_init_array
 .text.memcpy   0x08006654       0x1a C:/ST/STM32CubeIDE_1.15.0/STM32CubeIDE/plugins/com.st.stm32cube.ide.mcu.externaltools.gnu-tools-for-stm32.12.3.rel1.win32_1.0.100.202403111256/tools/bin/../lib/gcc/arm-none-eabi/12.3.1/../../../../arm-none-eabi/lib/thumb/v8-m.main+fp/hard\libc_nano.a(libc_a-memcpy-stub.o)
                0x08006654                memcpy
 *(.glue_7)
 .glue_7        0x0800666e        0x0 linker stubs
 *(.glue_7t)
 .glue_7t       0x0800666e        0x0 linker stubs
 *(.eh_frame)
 *fill*         0x0800666e        0x2 
 .eh_frame      0x08006670        0x0 C:/ST/STM32CubeIDE_1.15.0/STM32CubeIDE/plugins/com.st.stm32cube.ide.mcu.externaltools.gnu-tools-for-stm32.12.3.rel1.win32_1.0.100.202403111256/tools/bin/../lib/gcc/arm-none-eabi/12.3.1/thumb/v8-m.main+fp/hard/crtbegin.o
 *(.init)
 .init          0x08006670        0x4 C:/ST/STM32CubeIDE_1.15.0/STM32CubeIDE/plugins/com.st.stm32cube.ide.mcu.externaltools.gnu-tools-for-stm32.12.3.rel1.win32_1.0.100.202403111256/tools/bin/../lib/gcc/arm-none-eabi/12.3.1/thumb/v8-m.main+fp/hard/crti.o
                0x08006670                _init
 .init          0x08006674        0x8 C:/ST/STM32CubeIDE_1.15.0/STM32CubeIDE/plugins/com.st.stm32cube.ide.mcu.externaltools.gnu-tools-for-stm32.12.3.rel1.win32_1.0.100.202403111256/tools/bin/../lib/gcc/arm-none-eabi/12.3.1/thumb/v8-m.main+fp/hard/crtn.o
 *(.fini)
 .fini          0x0800667c        0x4 C:/ST/STM32CubeIDE_1.15.0/STM32CubeIDE/plugins/com.st.stm32cube.ide.mcu.externaltools.gnu-tools-for-stm32.12.3.rel1.win32_1.0.100.202403111256/tools/bin/../lib/gcc/arm-none-eabi/12.3.1/thumb/v8-m.main+fp/hard/crti.o
                0x0800667c                _fini
 .fini          0x08006680        0x8 C:/ST/STM32CubeIDE_1.15.0/STM32CubeIDE/plugins/com.st.stm32cube.ide.mcu.externaltools.gnu-tools-for-stm32.12.3.rel1.win32_1.0.100.202403111256/tools/bin/../lib/gcc/arm-none-eabi/12.3.1/thumb/v8-m.main+fp/hard/crtn.o
                0x08006688                        . = ALIGN (0x4)
                0x08006688                        _etext = .

.vfp11_veneer   0x08006688        0x0
 .vfp11_veneer  0x08006688        0x0 linker stubs

.v4_bx          0x08006688        0x0
 .v4_bx         0x08006688        0x0 linker stubs

.iplt           0x08006688        0x0
 .iplt          0x08006688        0x0 C:/ST/STM32CubeIDE_1.15.0/STM32CubeIDE/plugins/com.st.stm32cube.ide.mcu.externaltools.gnu-tools-for-stm32.12.3.rel1.win32_1.0.100.202403111256/tools/bin/../lib/gcc/arm-none-eabi/12.3.1/thumb/v8-m.main+fp/hard/crtbegin.o

.rodata         0x08006688       0x90
                0x08006688                        . = ALIGN (0x4)
 *(.rodata)
 *(.rodata*)
 .rodata.AHBPrescTable
                0x08006688       0x10 ./Core/Src/system_stm32l5xx.o
                0x08006688                AHBPrescTable
 .rodata.APBPrescTable
                0x08006698        0x8 ./Core/Src/system_stm32l5xx.o
                0x08006698                APBPrescTable
 .rodata.MSIRangeTable
                0x080066a0       0x40 ./Core/Src/system_stm32l5xx.o
                0x080066a0                MSIRangeTable
 .rodata.DLCtoBytes
                0x080066e0       0x10 ./Drivers/STM32L5xx_HAL_Driver/Src/stm32l5xx_hal_fdcan.o
 .rodata.UARTPrescTable
                0x080066f0       0x18 ./Drivers/STM32L5xx_HAL_Driver/Src/stm32l5xx_hal_uart.o
                0x080066f0                UARTPrescTable
 .rodata.numerator.1
                0x08006708        0x8 ./Drivers/STM32L5xx_HAL_Driver/Src/stm32l5xx_hal_uart_ex.o
 .rodata.denominator.0
                0x08006710        0x8 ./Drivers/STM32L5xx_HAL_Driver/Src/stm32l5xx_hal_uart_ex.o
                0x08006718                        . = ALIGN (0x4)

.ARM.extab      0x08006718        0x0
                0x08006718                        . = ALIGN (0x4)
 *(.ARM.extab* .gnu.linkonce.armextab.*)
                0x08006718                        . = ALIGN (0x4)

.ARM            0x08006718        0x8
                0x08006718                        . = ALIGN (0x4)
                0x08006718                        __exidx_start = .
 *(.ARM.exidx*)
 .ARM.exidx     0x08006718        0x8 C:/ST/STM32CubeIDE_1.15.0/STM32CubeIDE/plugins/com.st.stm32cube.ide.mcu.externaltools.gnu-tools-for-stm32.12.3.rel1.win32_1.0.100.202403111256/tools/bin/../lib/gcc/arm-none-eabi/12.3.1/thumb/v8-m.main+fp/hard\libgcc.a(_udivmoddi4.o)
                0x08006720                        __exidx_end = .
                0x08006720                        . = ALIGN (0x4)

.preinit_array  0x08006720        0x0
                0x08006720                        . = ALIGN (0x4)
                0x08006720                        PROVIDE (__preinit_array_start = .)
 *(.preinit_array*)
                0x08006720                        PROVIDE (__preinit_array_end = .)
                0x08006720                        . = ALIGN (0x4)

.init_array     0x08006720        0x4
                0x08006720                        . = ALIGN (0x4)
                0x08006720                        PROVIDE (__init_array_start = .)
 *(SORT_BY_NAME(.init_array.*))
 *(.init_array*)
 .init_array    0x08006720        0x4 C:/ST/STM32CubeIDE_1.15.0/STM32CubeIDE/plugins/com.st.stm32cube.ide.mcu.externaltools.gnu-tools-for-stm32.12.3.rel1.win32_1.0.100.202403111256/tools/bin/../lib/gcc/arm-none-eabi/12.3.1/thumb/v8-m.main+fp/hard/crtbegin.o
                0x08006724                        PROVIDE (__init_array_end = .)
                0x08006724                        . = ALIGN (0x4)

.fini_array     0x08006724        0x4
                0x08006724                        . = ALIGN (0x4)
                [!provide]                        PROVIDE (__fini_array_start = .)
 *(SORT_BY_NAME(.fini_array.*))
 *(.fini_array*)
 .fini_array    0x08006724        0x4 C:/ST/STM32CubeIDE_1.15.0/STM32CubeIDE/plugins/com.st.stm32cube.ide.mcu.externaltools.gnu-tools-for-stm32.12.3.rel1.win32_1.0.100.202403111256/tools/bin/../lib/gcc/arm-none-eabi/12.3.1/thumb/v8-m.main+fp/hard/crtbegin.o
                [!provide]                        PROVIDE (__fini_array_end = .)
                0x08006728                        . = ALIGN (0x4)
                0x08006728                        _sidata = LOADADDR (.data)

.rel.dyn        0x08006728        0x0
 .rel.iplt      0x08006728        0x0 C:/ST/STM32CubeIDE_1.15.0/STM32CubeIDE/plugins/com.st.stm32cube.ide.mcu.externaltools.gnu-tools-for-stm32.12.3.rel1.win32_1.0.100.202403111256/tools/bin/../lib/gcc/arm-none-eabi/12.3.1/thumb/v8-m.main+fp/hard/crtbegin.o

.data           0x20000000        0xc load address 0x08006728
                0x20000000                        . = ALIGN (0x4)
                0x20000000                        _sdata = .
 *(.data)
 *(.data*)
 .data.SystemCoreClock
                0x20000000        0x4 ./Core/Src/system_stm32l5xx.o
                0x20000000                SystemCoreClock
 .data.uwTickPrio
                0x20000004        0x4 ./Drivers/STM32L5xx_HAL_Driver/Src/stm32l5xx_hal.o
                0x20000004                uwTickPrio
 .data.uwTickFreq
                0x20000008        0x1 ./Drivers/STM32L5xx_HAL_Driver/Src/stm32l5xx_hal.o
                0x20000008                uwTickFreq
 *(.RamFunc)
 *(.RamFunc*)
                0x2000000c                        . = ALIGN (0x4)
 *fill*         0x20000009        0x3 
                0x2000000c                        _edata = .

.igot.plt       0x2000000c        0x0 load address 0x08006734
 .igot.plt      0x2000000c        0x0 C:/ST/STM32CubeIDE_1.15.0/STM32CubeIDE/plugins/com.st.stm32cube.ide.mcu.externaltools.gnu-tools-for-stm32.12.3.rel1.win32_1.0.100.202403111256/tools/bin/../lib/gcc/arm-none-eabi/12.3.1/thumb/v8-m.main+fp/hard/crtbegin.o
                0x2000000c                        . = ALIGN (0x4)

.bss            0x2000000c      0x4d8 load address 0x08006734
                0x2000000c                        _sbss = .
                0x2000000c                        __bss_start__ = _sbss
 *(.bss)
 .bss           0x2000000c       0x1c C:/ST/STM32CubeIDE_1.15.0/STM32CubeIDE/plugins/com.st.stm32cube.ide.mcu.externaltools.gnu-tools-for-stm32.12.3.rel1.win32_1.0.100.202403111256/tools/bin/../lib/gcc/arm-none-eabi/12.3.1/thumb/v8-m.main+fp/hard/crtbegin.o
 *(.bss*)
 .bss.TxHeader  0x20000028       0x24 ./Core/Src/can.o
                0x20000028                TxHeader
 .bss.RxHeader  0x2000004c       0x28 ./Core/Src/can.o
                0x2000004c                RxHeader
 .bss.RxData    0x20000074        0x8 ./Core/Src/can.o
                0x20000074                RxData
 .bss.hadc1     0x2000007c       0x68 ./Core/Src/main.o
                0x2000007c                hadc1
 .bss.hfdcan1   0x200000e4       0x64 ./Core/Src/main.o
                0x200000e4                hfdcan1
 .bss.hlpuart1  0x20000148       0x94 ./Core/Src/main.o
                0x20000148                hlpuart1
 .bss.hrtc      0x200001dc       0x28 ./Core/Src/main.o
                0x200001dc                hrtc
 .bss.hpcd_USB_FS
                0x20000204      0x2dc ./Core/Src/main.o
                0x20000204                hpcd_USB_FS
 .bss.uwTick    0x200004e0        0x4 ./Drivers/STM32L5xx_HAL_Driver/Src/stm32l5xx_hal.o
                0x200004e0                uwTick
 *(COMMON)
                0x200004e4                        . = ALIGN (0x4)
                0x200004e4                        _ebss = .
                0x200004e4                        __bss_end__ = _ebss

._user_heap_stack
                0x200004e4      0x604 load address 0x08006734
                0x200004e8                        . = ALIGN (0x8)
 *fill*         0x200004e4        0x4 
                [!provide]                        PROVIDE (end = .)
                0x200004e8                        PROVIDE (_end = .)
                0x200006e8                        . = (. + _Min_Heap_Size)
 *fill*         0x200004e8      0x200 
                0x20000ae8                        . = (. + _Min_Stack_Size)
 *fill*         0x200006e8      0x400 
                0x20000ae8                        . = ALIGN (0x8)

/DISCARD/
 libc.a(*)
 libm.a(*)
 libgcc.a(*)

.ARM.attributes
                0x00000000       0x36
 *(.ARM.attributes)
 .ARM.attributes
                0x00000000       0x26 C:/ST/STM32CubeIDE_1.15.0/STM32CubeIDE/plugins/com.st.stm32cube.ide.mcu.externaltools.gnu-tools-for-stm32.12.3.rel1.win32_1.0.100.202403111256/tools/bin/../lib/gcc/arm-none-eabi/12.3.1/thumb/v8-m.main+fp/hard/crti.o
 .ARM.attributes
                0x00000026       0x38 C:/ST/STM32CubeIDE_1.15.0/STM32CubeIDE/plugins/com.st.stm32cube.ide.mcu.externaltools.gnu-tools-for-stm32.12.3.rel1.win32_1.0.100.202403111256/tools/bin/../lib/gcc/arm-none-eabi/12.3.1/thumb/v8-m.main+fp/hard/crtbegin.o
 .ARM.attributes
                0x0000005e       0x3a ./Core/Src/can.o
 .ARM.attributes
                0x00000098       0x3a ./Core/Src/main.o
 .ARM.attributes
                0x000000d2       0x3a ./Core/Src/stm32l5xx_hal_msp.o
 .ARM.attributes
                0x0000010c       0x3a ./Core/Src/stm32l5xx_it.o
 .ARM.attributes
                0x00000146       0x3a ./Core/Src/system_stm32l5xx.o
 .ARM.attributes
                0x00000180       0x24 ./Core/Startup/startup_stm32l552zetxq.o
 .ARM.attributes
                0x000001a4       0x3a ./Drivers/STM32L5xx_HAL_Driver/Src/stm32l5xx_hal.o
 .ARM.attributes
                0x000001de       0x3a ./Drivers/STM32L5xx_HAL_Driver/Src/stm32l5xx_hal_adc.o
 .ARM.attributes
                0x00000218       0x3a ./Drivers/STM32L5xx_HAL_Driver/Src/stm32l5xx_hal_adc_ex.o
 .ARM.attributes
                0x00000252       0x3a ./Drivers/STM32L5xx_HAL_Driver/Src/stm32l5xx_hal_cortex.o
 .ARM.attributes
                0x0000028c       0x3a ./Drivers/STM32L5xx_HAL_Driver/Src/stm32l5xx_hal_fdcan.o
 .ARM.attributes
                0x000002c6       0x3a ./Drivers/STM32L5xx_HAL_Driver/Src/stm32l5xx_hal_gpio.o
 .ARM.attributes
                0x00000300       0x3a ./Drivers/STM32L5xx_HAL_Driver/Src/stm32l5xx_hal_icache.o
 .ARM.attributes
                0x0000033a       0x3a ./Drivers/STM32L5xx_HAL_Driver/Src/stm32l5xx_hal_pcd.o
 .ARM.attributes
                0x00000374       0x3a ./Drivers/STM32L5xx_HAL_Driver/Src/stm32l5xx_hal_pcd_ex.o
 .ARM.attributes
                0x000003ae       0x3a ./Drivers/STM32L5xx_HAL_Driver/Src/stm32l5xx_hal_pwr.o
 .ARM.attributes
                0x000003e8       0x3a ./Drivers/STM32L5xx_HAL_Driver/Src/stm32l5xx_hal_pwr_ex.o
 .ARM.attributes
                0x00000422       0x3a ./Drivers/STM32L5xx_HAL_Driver/Src/stm32l5xx_hal_rcc.o
 .ARM.attributes
                0x0000045c       0x3a ./Drivers/STM32L5xx_HAL_Driver/Src/stm32l5xx_hal_rcc_ex.o
 .ARM.attributes
                0x00000496       0x3a ./Drivers/STM32L5xx_HAL_Driver/Src/stm32l5xx_hal_rtc.o
 .ARM.attributes
                0x000004d0       0x3a ./Drivers/STM32L5xx_HAL_Driver/Src/stm32l5xx_hal_rtc_ex.o
 .ARM.attributes
                0x0000050a       0x3a ./Drivers/STM32L5xx_HAL_Driver/Src/stm32l5xx_hal_uart.o
 .ARM.attributes
                0x00000544       0x3a ./Drivers/STM32L5xx_HAL_Driver/Src/stm32l5xx_hal_uart_ex.o
 .ARM.attributes
                0x0000057e       0x3a ./Drivers/STM32L5xx_HAL_Driver/Src/stm32l5xx_ll_gpio.o
 .ARM.attributes
                0x000005b8       0x3a ./Drivers/STM32L5xx_HAL_Driver/Src/stm32l5xx_ll_usb.o
 .ARM.attributes
                0x000005f2       0x38 C:/ST/STM32CubeIDE_1.15.0/STM32CubeIDE/plugins/com.st.stm32cube.ide.mcu.externaltools.gnu-tools-for-stm32.12.3.rel1.win32_1.0.100.202403111256/tools/bin/../lib/gcc/arm-none-eabi/12.3.1/../../../../arm-none-eabi/lib/thumb/v8-m.main+fp/hard\libc_nano.a(libc_a-memset.o)
 .ARM.attributes
                0x0000062a       0x38 C:/ST/STM32CubeIDE_1.15.0/STM32CubeIDE/plugins/com.st.stm32cube.ide.mcu.externaltools.gnu-tools-for-stm32.12.3.rel1.win32_1.0.100.202403111256/tools/bin/../lib/gcc/arm-none-eabi/12.3.1/../../../../arm-none-eabi/lib/thumb/v8-m.main+fp/hard\libc_nano.a(libc_a-init.o)
 .ARM.attributes
                0x00000662       0x38 C:/ST/STM32CubeIDE_1.15.0/STM32CubeIDE/plugins/com.st.stm32cube.ide.mcu.externaltools.gnu-tools-for-stm32.12.3.rel1.win32_1.0.100.202403111256/tools/bin/../lib/gcc/arm-none-eabi/12.3.1/../../../../arm-none-eabi/lib/thumb/v8-m.main+fp/hard\libc_nano.a(libc_a-memcpy-stub.o)
 .ARM.attributes
                0x0000069a       0x26 C:/ST/STM32CubeIDE_1.15.0/STM32CubeIDE/plugins/com.st.stm32cube.ide.mcu.externaltools.gnu-tools-for-stm32.12.3.rel1.win32_1.0.100.202403111256/tools/bin/../lib/gcc/arm-none-eabi/12.3.1/thumb/v8-m.main+fp/hard\libgcc.a(_aeabi_uldivmod.o)
 .ARM.attributes
                0x000006c0       0x38 C:/ST/STM32CubeIDE_1.15.0/STM32CubeIDE/plugins/com.st.stm32cube.ide.mcu.externaltools.gnu-tools-for-stm32.12.3.rel1.win32_1.0.100.202403111256/tools/bin/../lib/gcc/arm-none-eabi/12.3.1/thumb/v8-m.main+fp/hard\libgcc.a(_udivmoddi4.o)
 .ARM.attributes
                0x000006f8       0x26 C:/ST/STM32CubeIDE_1.15.0/STM32CubeIDE/plugins/com.st.stm32cube.ide.mcu.externaltools.gnu-tools-for-stm32.12.3.rel1.win32_1.0.100.202403111256/tools/bin/../lib/gcc/arm-none-eabi/12.3.1/thumb/v8-m.main+fp/hard\libgcc.a(_dvmd_tls.o)
 .ARM.attributes
                0x0000071e       0x26 C:/ST/STM32CubeIDE_1.15.0/STM32CubeIDE/plugins/com.st.stm32cube.ide.mcu.externaltools.gnu-tools-for-stm32.12.3.rel1.win32_1.0.100.202403111256/tools/bin/../lib/gcc/arm-none-eabi/12.3.1/thumb/v8-m.main+fp/hard/crtn.o
OUTPUT(CAN_test.elf elf32-littlearm)
LOAD linker stubs
LOAD C:/ST/STM32CubeIDE_1.15.0/STM32CubeIDE/plugins/com.st.stm32cube.ide.mcu.externaltools.gnu-tools-for-stm32.12.3.rel1.win32_1.0.100.202403111256/tools/bin/../lib/gcc/arm-none-eabi/12.3.1/../../../../arm-none-eabi/lib/thumb/v8-m.main+fp/hard\libc.a
LOAD C:/ST/STM32CubeIDE_1.15.0/STM32CubeIDE/plugins/com.st.stm32cube.ide.mcu.externaltools.gnu-tools-for-stm32.12.3.rel1.win32_1.0.100.202403111256/tools/bin/../lib/gcc/arm-none-eabi/12.3.1/../../../../arm-none-eabi/lib/thumb/v8-m.main+fp/hard\libm.a
LOAD C:/ST/STM32CubeIDE_1.15.0/STM32CubeIDE/plugins/com.st.stm32cube.ide.mcu.externaltools.gnu-tools-for-stm32.12.3.rel1.win32_1.0.100.202403111256/tools/bin/../lib/gcc/arm-none-eabi/12.3.1/thumb/v8-m.main+fp/hard\libgcc.a

.debug_info     0x00000000    0x1da4b
 .debug_info    0x00000000      0xa69 ./Core/Src/can.o
 .debug_info    0x00000a69     0x2409 ./Core/Src/main.o
 .debug_info    0x00002e72     0x24cb ./Core/Src/stm32l5xx_hal_msp.o
 .debug_info    0x0000533d      0x66e ./Core/Src/stm32l5xx_it.o
 .debug_info    0x000059ab      0x7e2 ./Core/Src/system_stm32l5xx.o
 .debug_info    0x0000618d       0x30 ./Core/Startup/startup_stm32l552zetxq.o
 .debug_info    0x000061bd      0xcf3 ./Drivers/STM32L5xx_HAL_Driver/Src/stm32l5xx_hal.o
 .debug_info    0x00006eb0     0x1f20 ./Drivers/STM32L5xx_HAL_Driver/Src/stm32l5xx_hal_adc.o
 .debug_info    0x00008dd0     0x1cbb ./Drivers/STM32L5xx_HAL_Driver/Src/stm32l5xx_hal_adc_ex.o
 .debug_info    0x0000aa8b     0x1106 ./Drivers/STM32L5xx_HAL_Driver/Src/stm32l5xx_hal_cortex.o
 .debug_info    0x0000bb91     0x18bc ./Drivers/STM32L5xx_HAL_Driver/Src/stm32l5xx_hal_fdcan.o
 .debug_info    0x0000d44d      0x5d4 ./Drivers/STM32L5xx_HAL_Driver/Src/stm32l5xx_hal_gpio.o
 .debug_info    0x0000da21      0x4c1 ./Drivers/STM32L5xx_HAL_Driver/Src/stm32l5xx_hal_icache.o
 .debug_info    0x0000dee2     0x161b ./Drivers/STM32L5xx_HAL_Driver/Src/stm32l5xx_hal_pcd.o
 .debug_info    0x0000f4fd      0x80a ./Drivers/STM32L5xx_HAL_Driver/Src/stm32l5xx_hal_pcd_ex.o
 .debug_info    0x0000fd07      0xcd2 ./Drivers/STM32L5xx_HAL_Driver/Src/stm32l5xx_hal_pwr.o
 .debug_info    0x000109d9      0xd73 ./Drivers/STM32L5xx_HAL_Driver/Src/stm32l5xx_hal_pwr_ex.o
 .debug_info    0x0001174c      0xf75 ./Drivers/STM32L5xx_HAL_Driver/Src/stm32l5xx_hal_rcc.o
 .debug_info    0x000126c1     0x1134 ./Drivers/STM32L5xx_HAL_Driver/Src/stm32l5xx_hal_rcc_ex.o
 .debug_info    0x000137f5      0xf0b ./Drivers/STM32L5xx_HAL_Driver/Src/stm32l5xx_hal_rtc.o
 .debug_info    0x00014700     0x19c9 ./Drivers/STM32L5xx_HAL_Driver/Src/stm32l5xx_hal_rtc_ex.o
 .debug_info    0x000160c9     0x48fb ./Drivers/STM32L5xx_HAL_Driver/Src/stm32l5xx_hal_uart.o
 .debug_info    0x0001a9c4      0xffd ./Drivers/STM32L5xx_HAL_Driver/Src/stm32l5xx_hal_uart_ex.o
 .debug_info    0x0001b9c1      0xa1f ./Drivers/STM32L5xx_HAL_Driver/Src/stm32l5xx_ll_gpio.o
 .debug_info    0x0001c3e0     0x166b ./Drivers/STM32L5xx_HAL_Driver/Src/stm32l5xx_ll_usb.o

.debug_abbrev   0x00000000     0x3a60
 .debug_abbrev  0x00000000      0x213 ./Core/Src/can.o
 .debug_abbrev  0x00000213      0x334 ./Core/Src/main.o
 .debug_abbrev  0x00000547      0x29f ./Core/Src/stm32l5xx_hal_msp.o
 .debug_abbrev  0x000007e6      0x172 ./Core/Src/stm32l5xx_it.o
 .debug_abbrev  0x00000958      0x12b ./Core/Src/system_stm32l5xx.o
 .debug_abbrev  0x00000a83       0x24 ./Core/Startup/startup_stm32l552zetxq.o
 .debug_abbrev  0x00000aa7      0x2cd ./Drivers/STM32L5xx_HAL_Driver/Src/stm32l5xx_hal.o
 .debug_abbrev  0x00000d74      0x2cc ./Drivers/STM32L5xx_HAL_Driver/Src/stm32l5xx_hal_adc.o
 .debug_abbrev  0x00001040      0x2ef ./Drivers/STM32L5xx_HAL_Driver/Src/stm32l5xx_hal_adc_ex.o
 .debug_abbrev  0x0000132f      0x32c ./Drivers/STM32L5xx_HAL_Driver/Src/stm32l5xx_hal_cortex.o
 .debug_abbrev  0x0000165b      0x209 ./Drivers/STM32L5xx_HAL_Driver/Src/stm32l5xx_hal_fdcan.o
 .debug_abbrev  0x00001864      0x1c2 ./Drivers/STM32L5xx_HAL_Driver/Src/stm32l5xx_hal_gpio.o
 .debug_abbrev  0x00001a26      0x228 ./Drivers/STM32L5xx_HAL_Driver/Src/stm32l5xx_hal_icache.o
 .debug_abbrev  0x00001c4e      0x2b9 ./Drivers/STM32L5xx_HAL_Driver/Src/stm32l5xx_hal_pcd.o
 .debug_abbrev  0x00001f07      0x228 ./Drivers/STM32L5xx_HAL_Driver/Src/stm32l5xx_hal_pcd_ex.o
 .debug_abbrev  0x0000212f      0x20a ./Drivers/STM32L5xx_HAL_Driver/Src/stm32l5xx_hal_pwr.o
 .debug_abbrev  0x00002339      0x28c ./Drivers/STM32L5xx_HAL_Driver/Src/stm32l5xx_hal_pwr_ex.o
 .debug_abbrev  0x000025c5      0x2fd ./Drivers/STM32L5xx_HAL_Driver/Src/stm32l5xx_hal_rcc.o
 .debug_abbrev  0x000028c2      0x2c8 ./Drivers/STM32L5xx_HAL_Driver/Src/stm32l5xx_hal_rcc_ex.o
 .debug_abbrev  0x00002b8a      0x212 ./Drivers/STM32L5xx_HAL_Driver/Src/stm32l5xx_hal_rtc.o
 .debug_abbrev  0x00002d9c      0x232 ./Drivers/STM32L5xx_HAL_Driver/Src/stm32l5xx_hal_rtc_ex.o
 .debug_abbrev  0x00002fce      0x325 ./Drivers/STM32L5xx_HAL_Driver/Src/stm32l5xx_hal_uart.o
 .debug_abbrev  0x000032f3      0x2d3 ./Drivers/STM32L5xx_HAL_Driver/Src/stm32l5xx_hal_uart_ex.o
 .debug_abbrev  0x000035c6      0x253 ./Drivers/STM32L5xx_HAL_Driver/Src/stm32l5xx_ll_gpio.o
 .debug_abbrev  0x00003819      0x247 ./Drivers/STM32L5xx_HAL_Driver/Src/stm32l5xx_ll_usb.o

.debug_aranges  0x00000000     0x1868
 .debug_aranges
                0x00000000       0x80 ./Core/Src/can.o
 .debug_aranges
                0x00000080       0x80 ./Core/Src/main.o
 .debug_aranges
                0x00000100       0x70 ./Core/Src/stm32l5xx_hal_msp.o
 .debug_aranges
                0x00000170       0x70 ./Core/Src/stm32l5xx_it.o
 .debug_aranges
                0x000001e0       0x28 ./Core/Src/system_stm32l5xx.o
 .debug_aranges
                0x00000208       0x28 ./Core/Startup/startup_stm32l552zetxq.o
 .debug_aranges
                0x00000230      0x130 ./Drivers/STM32L5xx_HAL_Driver/Src/stm32l5xx_hal.o
 .debug_aranges
                0x00000360      0x228 ./Drivers/STM32L5xx_HAL_Driver/Src/stm32l5xx_hal_adc.o
 .debug_aranges
                0x00000588      0x1b0 ./Drivers/STM32L5xx_HAL_Driver/Src/stm32l5xx_hal_adc_ex.o
 .debug_aranges
                0x00000738      0x140 ./Drivers/STM32L5xx_HAL_Driver/Src/stm32l5xx_hal_cortex.o
 .debug_aranges
                0x00000878      0x208 ./Drivers/STM32L5xx_HAL_Driver/Src/stm32l5xx_hal_fdcan.o
 .debug_aranges
                0x00000a80       0x60 ./Drivers/STM32L5xx_HAL_Driver/Src/stm32l5xx_hal_gpio.o
 .debug_aranges
                0x00000ae0       0xa8 ./Drivers/STM32L5xx_HAL_Driver/Src/stm32l5xx_hal_icache.o
 .debug_aranges
                0x00000b88      0x138 ./Drivers/STM32L5xx_HAL_Driver/Src/stm32l5xx_hal_pcd.o
 .debug_aranges
                0x00000cc0       0x58 ./Drivers/STM32L5xx_HAL_Driver/Src/stm32l5xx_hal_pcd_ex.o
 .debug_aranges
                0x00000d18       0xa8 ./Drivers/STM32L5xx_HAL_Driver/Src/stm32l5xx_hal_pwr.o
 .debug_aranges
                0x00000dc0      0x1b8 ./Drivers/STM32L5xx_HAL_Driver/Src/stm32l5xx_hal_pwr_ex.o
 .debug_aranges
                0x00000f78       0xa8 ./Drivers/STM32L5xx_HAL_Driver/Src/stm32l5xx_hal_rcc.o
 .debug_aranges
                0x00001020      0x118 ./Drivers/STM32L5xx_HAL_Driver/Src/stm32l5xx_hal_rcc_ex.o
 .debug_aranges
                0x00001138       0xe8 ./Drivers/STM32L5xx_HAL_Driver/Src/stm32l5xx_hal_rtc.o
 .debug_aranges
                0x00001220      0x220 ./Drivers/STM32L5xx_HAL_Driver/Src/stm32l5xx_hal_rtc_ex.o
 .debug_aranges
                0x00001440      0x248 ./Drivers/STM32L5xx_HAL_Driver/Src/stm32l5xx_hal_uart.o
 .debug_aranges
                0x00001688       0xa8 ./Drivers/STM32L5xx_HAL_Driver/Src/stm32l5xx_hal_uart_ex.o
 .debug_aranges
                0x00001730       0x70 ./Drivers/STM32L5xx_HAL_Driver/Src/stm32l5xx_ll_gpio.o
 .debug_aranges
                0x000017a0       0xc8 ./Drivers/STM32L5xx_HAL_Driver/Src/stm32l5xx_ll_usb.o

.debug_rnglists
                0x00000000     0x12a7
 .debug_rnglists
                0x00000000       0x5b ./Core/Src/can.o
 .debug_rnglists
                0x0000005b       0x61 ./Core/Src/main.o
 .debug_rnglists
                0x000000bc       0x53 ./Core/Src/stm32l5xx_hal_msp.o
 .debug_rnglists
                0x0000010f       0x4f ./Core/Src/stm32l5xx_it.o
 .debug_rnglists
                0x0000015e       0x1a ./Core/Src/system_stm32l5xx.o
 .debug_rnglists
                0x00000178       0x19 ./Core/Startup/startup_stm32l552zetxq.o
 .debug_rnglists
                0x00000191       0xdf ./Drivers/STM32L5xx_HAL_Driver/Src/stm32l5xx_hal.o
 .debug_rnglists
                0x00000270      0x1a8 ./Drivers/STM32L5xx_HAL_Driver/Src/stm32l5xx_hal_adc.o
 .debug_rnglists
                0x00000418      0x14e ./Drivers/STM32L5xx_HAL_Driver/Src/stm32l5xx_hal_adc_ex.o
 .debug_rnglists
                0x00000566       0xeb ./Drivers/STM32L5xx_HAL_Driver/Src/stm32l5xx_hal_cortex.o
 .debug_rnglists
                0x00000651      0x18d ./Drivers/STM32L5xx_HAL_Driver/Src/stm32l5xx_hal_fdcan.o
 .debug_rnglists
                0x000007de       0x45 ./Drivers/STM32L5xx_HAL_Driver/Src/stm32l5xx_hal_gpio.o
 .debug_rnglists
                0x00000823       0x7a ./Drivers/STM32L5xx_HAL_Driver/Src/stm32l5xx_hal_icache.o
 .debug_rnglists
                0x0000089d       0xee ./Drivers/STM32L5xx_HAL_Driver/Src/stm32l5xx_hal_pcd.o
 .debug_rnglists
                0x0000098b       0x3f ./Drivers/STM32L5xx_HAL_Driver/Src/stm32l5xx_hal_pcd_ex.o
 .debug_rnglists
                0x000009ca       0x7a ./Drivers/STM32L5xx_HAL_Driver/Src/stm32l5xx_hal_pwr.o
 .debug_rnglists
                0x00000a44      0x14e ./Drivers/STM32L5xx_HAL_Driver/Src/stm32l5xx_hal_pwr_ex.o
 .debug_rnglists
                0x00000b92       0x80 ./Drivers/STM32L5xx_HAL_Driver/Src/stm32l5xx_hal_rcc.o
 .debug_rnglists
                0x00000c12       0xdd ./Drivers/STM32L5xx_HAL_Driver/Src/stm32l5xx_hal_rcc_ex.o
 .debug_rnglists
                0x00000cef       0xb3 ./Drivers/STM32L5xx_HAL_Driver/Src/stm32l5xx_hal_rtc.o
 .debug_rnglists
                0x00000da2      0x1a2 ./Drivers/STM32L5xx_HAL_Driver/Src/stm32l5xx_hal_rtc_ex.o
 .debug_rnglists
                0x00000f44      0x1fa ./Drivers/STM32L5xx_HAL_Driver/Src/stm32l5xx_hal_uart.o
 .debug_rnglists
                0x0000113e       0x7f ./Drivers/STM32L5xx_HAL_Driver/Src/stm32l5xx_hal_uart_ex.o
 .debug_rnglists
                0x000011bd       0x51 ./Drivers/STM32L5xx_HAL_Driver/Src/stm32l5xx_ll_gpio.o
 .debug_rnglists
                0x0000120e       0x99 ./Drivers/STM32L5xx_HAL_Driver/Src/stm32l5xx_ll_usb.o

.debug_macro    0x00000000    0x2e4e3
 .debug_macro   0x00000000      0x2b9 ./Core/Src/can.o
 .debug_macro   0x000002b9      0xac0 ./Core/Src/can.o
 .debug_macro   0x00000d79      0x1a8 ./Core/Src/can.o
 .debug_macro   0x00000f21       0x2e ./Core/Src/can.o
 .debug_macro   0x00000f4f       0x42 ./Core/Src/can.o
 .debug_macro   0x00000f91       0x22 ./Core/Src/can.o
 .debug_macro   0x00000fb3       0x8e ./Core/Src/can.o
 .debug_macro   0x00001041       0x51 ./Core/Src/can.o
 .debug_macro   0x00001092      0x103 ./Core/Src/can.o
 .debug_macro   0x00001195       0x6a ./Core/Src/can.o
 .debug_macro   0x000011ff      0x1df ./Core/Src/can.o
 .debug_macro   0x000013de       0x1c ./Core/Src/can.o
 .debug_macro   0x000013fa       0x29 ./Core/Src/can.o
 .debug_macro   0x00001423       0xfb ./Core/Src/can.o
 .debug_macro   0x0000151e     0x1336 ./Core/Src/can.o
 .debug_macro   0x00002854       0x5e ./Core/Src/can.o
 .debug_macro   0x000028b2    0x1aca2 ./Core/Src/can.o
 .debug_macro   0x0001d554       0x6c ./Core/Src/can.o
 .debug_macro   0x0001d5c0     0x353c ./Core/Src/can.o
 .debug_macro   0x00020afc      0x189 ./Core/Src/can.o
 .debug_macro   0x00020c85       0x5d ./Core/Src/can.o
 .debug_macro   0x00020ce2     0x1987 ./Core/Src/can.o
 .debug_macro   0x00022669      0xa52 ./Core/Src/can.o
 .debug_macro   0x000230bb      0x1cf ./Core/Src/can.o
 .debug_macro   0x0002328a      0x1d8 ./Core/Src/can.o
 .debug_macro   0x00023462      0x4e1 ./Core/Src/can.o
 .debug_macro   0x00023943      0x1ab ./Core/Src/can.o
 .debug_macro   0x00023aee       0x4a ./Core/Src/can.o
 .debug_macro   0x00023b38      0x1b9 ./Core/Src/can.o
 .debug_macro   0x00023cf1      0xecd ./Core/Src/can.o
 .debug_macro   0x00024bbe      0x608 ./Core/Src/can.o
 .debug_macro   0x000251c6      0x2e9 ./Core/Src/can.o
 .debug_macro   0x000254af      0x230 ./Core/Src/can.o
 .debug_macro   0x000256df      0x6bd ./Core/Src/can.o
 .debug_macro   0x00025d9c      0x3bb ./Core/Src/can.o
 .debug_macro   0x00026157       0x36 ./Core/Src/can.o
 .debug_macro   0x0002618d      0x11c ./Core/Src/can.o
 .debug_macro   0x000262a9      0x22c ./Core/Src/can.o
 .debug_macro   0x000264d5       0x5b ./Core/Src/can.o
 .debug_macro   0x00026530       0xa5 ./Core/Src/can.o
 .debug_macro   0x000265d5       0xc9 ./Core/Src/can.o
 .debug_macro   0x0002669e       0x73 ./Core/Src/can.o
 .debug_macro   0x00026711      0x22d ./Core/Src/can.o
 .debug_macro   0x0002693e      0x199 ./Core/Src/can.o
 .debug_macro   0x00026ad7      0x487 ./Core/Src/can.o
 .debug_macro   0x00026f5e      0x31a ./Core/Src/can.o
 .debug_macro   0x00027278      0x748 ./Core/Src/can.o
 .debug_macro   0x000279c0       0xeb ./Core/Src/can.o
 .debug_macro   0x00027aab      0x693 ./Core/Src/can.o
 .debug_macro   0x0002813e       0xa6 ./Core/Src/can.o
 .debug_macro   0x000281e4      0x3f1 ./Core/Src/can.o
 .debug_macro   0x000285d5      0x2b6 ./Core/Src/can.o
 .debug_macro   0x0002888b      0x1e2 ./Core/Src/can.o
 .debug_macro   0x00028a6d      0x15a ./Core/Src/can.o
 .debug_macro   0x00028bc7      0xbd0 ./Core/Src/can.o
 .debug_macro   0x00029797      0x398 ./Core/Src/can.o
 .debug_macro   0x00029b2f       0xae ./Core/Src/can.o
 .debug_macro   0x00029bdd      0x21d ./Core/Src/can.o
 .debug_macro   0x00029dfa      0x165 ./Core/Src/can.o
 .debug_macro   0x00029f5f      0x5bf ./Core/Src/can.o
 .debug_macro   0x0002a51e      0x314 ./Core/Src/can.o
 .debug_macro   0x0002a832      0x215 ./Core/Src/can.o
 .debug_macro   0x0002aa47      0x2c8 ./Core/Src/main.o
 .debug_macro   0x0002ad0f       0x70 ./Core/Src/main.o
 .debug_macro   0x0002ad7f      0x2be ./Core/Src/stm32l5xx_hal_msp.o
 .debug_macro   0x0002b03d      0x2c8 ./Core/Src/stm32l5xx_it.o
 .debug_macro   0x0002b305      0x246 ./Core/Src/system_stm32l5xx.o
 .debug_macro   0x0002b54b      0x276 ./Drivers/STM32L5xx_HAL_Driver/Src/stm32l5xx_hal.o
 .debug_macro   0x0002b7c1      0x263 ./Drivers/STM32L5xx_HAL_Driver/Src/stm32l5xx_hal_adc.o
 .debug_macro   0x0002ba24      0x252 ./Drivers/STM32L5xx_HAL_Driver/Src/stm32l5xx_hal_adc_ex.o
 .debug_macro   0x0002bc76      0x246 ./Drivers/STM32L5xx_HAL_Driver/Src/stm32l5xx_hal_cortex.o
 .debug_macro   0x0002bebc      0x358 ./Drivers/STM32L5xx_HAL_Driver/Src/stm32l5xx_hal_fdcan.o
 .debug_macro   0x0002c214      0x24c ./Drivers/STM32L5xx_HAL_Driver/Src/stm32l5xx_hal_gpio.o
 .debug_macro   0x0002c460      0x278 ./Drivers/STM32L5xx_HAL_Driver/Src/stm32l5xx_hal_icache.o
 .debug_macro   0x0002c6d8      0x252 ./Drivers/STM32L5xx_HAL_Driver/Src/stm32l5xx_hal_pcd.o
 .debug_macro   0x0002c92a      0x246 ./Drivers/STM32L5xx_HAL_Driver/Src/stm32l5xx_hal_pcd_ex.o
 .debug_macro   0x0002cb70      0x25e ./Drivers/STM32L5xx_HAL_Driver/Src/stm32l5xx_hal_pwr.o
 .debug_macro   0x0002cdce      0x276 ./Drivers/STM32L5xx_HAL_Driver/Src/stm32l5xx_hal_pwr_ex.o
 .debug_macro   0x0002d044      0x270 ./Drivers/STM32L5xx_HAL_Driver/Src/stm32l5xx_hal_rcc.o
 .debug_macro   0x0002d2b4      0x2ac ./Drivers/STM32L5xx_HAL_Driver/Src/stm32l5xx_hal_rcc_ex.o
 .debug_macro   0x0002d560      0x247 ./Drivers/STM32L5xx_HAL_Driver/Src/stm32l5xx_hal_rtc.o
 .debug_macro   0x0002d7a7      0x24c ./Drivers/STM32L5xx_HAL_Driver/Src/stm32l5xx_hal_rtc_ex.o
 .debug_macro   0x0002d9f3      0x271 ./Drivers/STM32L5xx_HAL_Driver/Src/stm32l5xx_hal_uart.o
 .debug_macro   0x0002dc64      0x252 ./Drivers/STM32L5xx_HAL_Driver/Src/stm32l5xx_hal_uart_ex.o
 .debug_macro   0x0002deb6      0x288 ./Drivers/STM32L5xx_HAL_Driver/Src/stm32l5xx_ll_gpio.o
 .debug_macro   0x0002e13e      0x15f ./Drivers/STM32L5xx_HAL_Driver/Src/stm32l5xx_ll_gpio.o
 .debug_macro   0x0002e29d      0x246 ./Drivers/STM32L5xx_HAL_Driver/Src/stm32l5xx_ll_usb.o

.debug_line     0x00000000    0x1b96c
 .debug_line    0x00000000      0xade ./Core/Src/can.o
 .debug_line    0x00000ade      0xc9e ./Core/Src/main.o
 .debug_line    0x0000177c      0xb2f ./Core/Src/stm32l5xx_hal_msp.o
 .debug_line    0x000022ab      0xa4f ./Core/Src/stm32l5xx_it.o
 .debug_line    0x00002cfa      0x8f7 ./Core/Src/system_stm32l5xx.o
 .debug_line    0x000035f1       0x79 ./Core/Startup/startup_stm32l552zetxq.o
 .debug_line    0x0000366a      0xc6d ./Drivers/STM32L5xx_HAL_Driver/Src/stm32l5xx_hal.o
 .debug_line    0x000042d7     0x205d ./Drivers/STM32L5xx_HAL_Driver/Src/stm32l5xx_hal_adc.o
 .debug_line    0x00006334     0x1a9d ./Drivers/STM32L5xx_HAL_Driver/Src/stm32l5xx_hal_adc_ex.o
 .debug_line    0x00007dd1      0xeb9 ./Drivers/STM32L5xx_HAL_Driver/Src/stm32l5xx_hal_cortex.o
 .debug_line    0x00008c8a     0x1a60 ./Drivers/STM32L5xx_HAL_Driver/Src/stm32l5xx_hal_fdcan.o
 .debug_line    0x0000a6ea      0xcca ./Drivers/STM32L5xx_HAL_Driver/Src/stm32l5xx_hal_gpio.o
 .debug_line    0x0000b3b4      0xb42 ./Drivers/STM32L5xx_HAL_Driver/Src/stm32l5xx_hal_icache.o
 .debug_line    0x0000bef6     0x14bb ./Drivers/STM32L5xx_HAL_Driver/Src/stm32l5xx_hal_pcd.o
 .debug_line    0x0000d3b1      0x9f6 ./Drivers/STM32L5xx_HAL_Driver/Src/stm32l5xx_hal_pcd_ex.o
 .debug_line    0x0000dda7      0xa90 ./Drivers/STM32L5xx_HAL_Driver/Src/stm32l5xx_hal_pwr.o
 .debug_line    0x0000e837     0x101b ./Drivers/STM32L5xx_HAL_Driver/Src/stm32l5xx_hal_pwr_ex.o
 .debug_line    0x0000f852     0x13ac ./Drivers/STM32L5xx_HAL_Driver/Src/stm32l5xx_hal_rcc.o
 .debug_line    0x00010bfe     0x1cfb ./Drivers/STM32L5xx_HAL_Driver/Src/stm32l5xx_hal_rcc_ex.o
 .debug_line    0x000128f9     0x103d ./Drivers/STM32L5xx_HAL_Driver/Src/stm32l5xx_hal_rtc.o
 .debug_line    0x00013936     0x17bf ./Drivers/STM32L5xx_HAL_Driver/Src/stm32l5xx_hal_rtc_ex.o
 .debug_line    0x000150f5     0x3cff ./Drivers/STM32L5xx_HAL_Driver/Src/stm32l5xx_hal_uart.o
 .debug_line    0x00018df4      0xeab ./Drivers/STM32L5xx_HAL_Driver/Src/stm32l5xx_hal_uart_ex.o
 .debug_line    0x00019c9f      0xb87 ./Drivers/STM32L5xx_HAL_Driver/Src/stm32l5xx_ll_gpio.o
 .debug_line    0x0001a826     0x1146 ./Drivers/STM32L5xx_HAL_Driver/Src/stm32l5xx_ll_usb.o

.debug_str      0x00000000   0x12ce19
 .debug_str     0x00000000   0x123b4d ./Core/Src/can.o
                             0x1258d8 (size before relaxing)
 .debug_str     0x00123b4d     0x13b0 ./Core/Src/main.o
                             0x126b79 (size before relaxing)
 .debug_str     0x00124efd      0x9e8 ./Core/Src/stm32l5xx_hal_msp.o
                             0x126fd1 (size before relaxing)
 .debug_str     0x001258e5      0x10a ./Core/Src/stm32l5xx_it.o
                             0x125896 (size before relaxing)
 .debug_str     0x001259ef      0x17d ./Core/Src/system_stm32l5xx.o
                             0x114070 (size before relaxing)
 .debug_str     0x00125b6c       0x45 ./Core/Startup/startup_stm32l552zetxq.o
                                 0x81 (size before relaxing)
 .debug_str     0x00125bb1      0x5a5 ./Drivers/STM32L5xx_HAL_Driver/Src/stm32l5xx_hal.o
                             0x114be7 (size before relaxing)
 .debug_str     0x00126156      0xa99 ./Drivers/STM32L5xx_HAL_Driver/Src/stm32l5xx_hal_adc.o
                             0x114f0b (size before relaxing)
 .debug_str     0x00126bef      0x665 ./Drivers/STM32L5xx_HAL_Driver/Src/stm32l5xx_hal_adc_ex.o
                             0x114ec6 (size before relaxing)
 .debug_str     0x00127254      0x3c5 ./Drivers/STM32L5xx_HAL_Driver/Src/stm32l5xx_hal_cortex.o
                             0x114a26 (size before relaxing)
 .debug_str     0x00127619     0x114e ./Drivers/STM32L5xx_HAL_Driver/Src/stm32l5xx_hal_fdcan.o
                             0x115508 (size before relaxing)
 .debug_str     0x00128767      0x190 ./Drivers/STM32L5xx_HAL_Driver/Src/stm32l5xx_hal_gpio.o
                             0x113ff9 (size before relaxing)
 .debug_str     0x001288f7      0x673 ./Drivers/STM32L5xx_HAL_Driver/Src/stm32l5xx_hal_icache.o
                             0x11444c (size before relaxing)
 .debug_str     0x00128f6a      0x55e ./Drivers/STM32L5xx_HAL_Driver/Src/stm32l5xx_hal_pcd.o
                             0x1146d0 (size before relaxing)
 .debug_str     0x001294c8      0x186 ./Drivers/STM32L5xx_HAL_Driver/Src/stm32l5xx_hal_pcd_ex.o
                             0x11430c (size before relaxing)
 .debug_str     0x0012964e      0x396 ./Drivers/STM32L5xx_HAL_Driver/Src/stm32l5xx_hal_pwr.o
                             0x11447e (size before relaxing)
 .debug_str     0x001299e4      0x618 ./Drivers/STM32L5xx_HAL_Driver/Src/stm32l5xx_hal_pwr_ex.o
                             0x1147d5 (size before relaxing)
 .debug_str     0x00129ffc      0x3de ./Drivers/STM32L5xx_HAL_Driver/Src/stm32l5xx_hal_rcc.o
                             0x11468a (size before relaxing)
 .debug_str     0x0012a3da      0x799 ./Drivers/STM32L5xx_HAL_Driver/Src/stm32l5xx_hal_rcc_ex.o
                             0x114be0 (size before relaxing)
 .debug_str     0x0012ab73      0x445 ./Drivers/STM32L5xx_HAL_Driver/Src/stm32l5xx_hal_rtc.o
                             0x1144a8 (size before relaxing)
 .debug_str     0x0012afb8      0xaee ./Drivers/STM32L5xx_HAL_Driver/Src/stm32l5xx_hal_rtc_ex.o
                             0x114dfc (size before relaxing)
 .debug_str     0x0012baa6      0x9dd ./Drivers/STM32L5xx_HAL_Driver/Src/stm32l5xx_hal_uart.o
                             0x114fb0 (size before relaxing)
 .debug_str     0x0012c483      0x26b ./Drivers/STM32L5xx_HAL_Driver/Src/stm32l5xx_hal_uart_ex.o
                             0x11473e (size before relaxing)
 .debug_str     0x0012c6ee      0x658 ./Drivers/STM32L5xx_HAL_Driver/Src/stm32l5xx_ll_gpio.o
                             0x115ad8 (size before relaxing)
 .debug_str     0x0012cd46       0xd3 ./Drivers/STM32L5xx_HAL_Driver/Src/stm32l5xx_ll_usb.o
                             0x11420d (size before relaxing)

.comment        0x00000000       0x43
 .comment       0x00000000       0x43 ./Core/Src/can.o
                                 0x44 (size before relaxing)
 .comment       0x00000043       0x44 ./Core/Src/main.o
 .comment       0x00000043       0x44 ./Core/Src/stm32l5xx_hal_msp.o
 .comment       0x00000043       0x44 ./Core/Src/stm32l5xx_it.o
 .comment       0x00000043       0x44 ./Core/Src/system_stm32l5xx.o
 .comment       0x00000043       0x44 ./Drivers/STM32L5xx_HAL_Driver/Src/stm32l5xx_hal.o
 .comment       0x00000043       0x44 ./Drivers/STM32L5xx_HAL_Driver/Src/stm32l5xx_hal_adc.o
 .comment       0x00000043       0x44 ./Drivers/STM32L5xx_HAL_Driver/Src/stm32l5xx_hal_adc_ex.o
 .comment       0x00000043       0x44 ./Drivers/STM32L5xx_HAL_Driver/Src/stm32l5xx_hal_cortex.o
 .comment       0x00000043       0x44 ./Drivers/STM32L5xx_HAL_Driver/Src/stm32l5xx_hal_fdcan.o
 .comment       0x00000043       0x44 ./Drivers/STM32L5xx_HAL_Driver/Src/stm32l5xx_hal_gpio.o
 .comment       0x00000043       0x44 ./Drivers/STM32L5xx_HAL_Driver/Src/stm32l5xx_hal_icache.o
 .comment       0x00000043       0x44 ./Drivers/STM32L5xx_HAL_Driver/Src/stm32l5xx_hal_pcd.o
 .comment       0x00000043       0x44 ./Drivers/STM32L5xx_HAL_Driver/Src/stm32l5xx_hal_pcd_ex.o
 .comment       0x00000043       0x44 ./Drivers/STM32L5xx_HAL_Driver/Src/stm32l5xx_hal_pwr.o
 .comment       0x00000043       0x44 ./Drivers/STM32L5xx_HAL_Driver/Src/stm32l5xx_hal_pwr_ex.o
 .comment       0x00000043       0x44 ./Drivers/STM32L5xx_HAL_Driver/Src/stm32l5xx_hal_rcc.o
 .comment       0x00000043       0x44 ./Drivers/STM32L5xx_HAL_Driver/Src/stm32l5xx_hal_rcc_ex.o
 .comment       0x00000043       0x44 ./Drivers/STM32L5xx_HAL_Driver/Src/stm32l5xx_hal_rtc.o
 .comment       0x00000043       0x44 ./Drivers/STM32L5xx_HAL_Driver/Src/stm32l5xx_hal_rtc_ex.o
 .comment       0x00000043       0x44 ./Drivers/STM32L5xx_HAL_Driver/Src/stm32l5xx_hal_uart.o
 .comment       0x00000043       0x44 ./Drivers/STM32L5xx_HAL_Driver/Src/stm32l5xx_hal_uart_ex.o
 .comment       0x00000043       0x44 ./Drivers/STM32L5xx_HAL_Driver/Src/stm32l5xx_ll_gpio.o
 .comment       0x00000043       0x44 ./Drivers/STM32L5xx_HAL_Driver/Src/stm32l5xx_ll_usb.o

.debug_frame    0x00000000     0x6964
 .debug_frame   0x00000000      0x204 ./Core/Src/can.o
 .debug_frame   0x00000204      0x1bc ./Core/Src/main.o
 .debug_frame   0x000003c0      0x1b4 ./Core/Src/stm32l5xx_hal_msp.o
 .debug_frame   0x00000574      0x13c ./Core/Src/stm32l5xx_it.o
 .debug_frame   0x000006b0       0x58 ./Core/Src/system_stm32l5xx.o
 .debug_frame   0x00000708      0x4a4 ./Drivers/STM32L5xx_HAL_Driver/Src/stm32l5xx_hal.o
 .debug_frame   0x00000bac      0xa2c ./Drivers/STM32L5xx_HAL_Driver/Src/stm32l5xx_hal_adc.o
 .debug_frame   0x000015d8      0x7cc ./Drivers/STM32L5xx_HAL_Driver/Src/stm32l5xx_hal_adc_ex.o
 .debug_frame   0x00001da4      0x558 ./Drivers/STM32L5xx_HAL_Driver/Src/stm32l5xx_hal_cortex.o
 .debug_frame   0x000022fc      0x9b0 ./Drivers/STM32L5xx_HAL_Driver/Src/stm32l5xx_hal_fdcan.o
 .debug_frame   0x00002cac      0x174 ./Drivers/STM32L5xx_HAL_Driver/Src/stm32l5xx_hal_gpio.o
 .debug_frame   0x00002e20      0x298 ./Drivers/STM32L5xx_HAL_Driver/Src/stm32l5xx_hal_icache.o
 .debug_frame   0x000030b8      0x56c ./Drivers/STM32L5xx_HAL_Driver/Src/stm32l5xx_hal_pcd.o
 .debug_frame   0x00003624      0x14c ./Drivers/STM32L5xx_HAL_Driver/Src/stm32l5xx_hal_pcd_ex.o
 .debug_frame   0x00003770      0x280 ./Drivers/STM32L5xx_HAL_Driver/Src/stm32l5xx_hal_pwr.o
 .debug_frame   0x000039f0      0x6fc ./Drivers/STM32L5xx_HAL_Driver/Src/stm32l5xx_hal_pwr_ex.o
 .debug_frame   0x000040ec      0x298 ./Drivers/STM32L5xx_HAL_Driver/Src/stm32l5xx_hal_rcc.o
 .debug_frame   0x00004384      0x48c ./Drivers/STM32L5xx_HAL_Driver/Src/stm32l5xx_hal_rcc_ex.o
 .debug_frame   0x00004810      0x3f8 ./Drivers/STM32L5xx_HAL_Driver/Src/stm32l5xx_hal_rtc.o
 .debug_frame   0x00004c08      0x9f0 ./Drivers/STM32L5xx_HAL_Driver/Src/stm32l5xx_hal_rtc_ex.o
 .debug_frame   0x000055f8      0xa94 ./Drivers/STM32L5xx_HAL_Driver/Src/stm32l5xx_hal_uart.o
 .debug_frame   0x0000608c      0x2c0 ./Drivers/STM32L5xx_HAL_Driver/Src/stm32l5xx_hal_uart_ex.o
 .debug_frame   0x0000634c      0x1c0 ./Drivers/STM32L5xx_HAL_Driver/Src/stm32l5xx_ll_gpio.o
 .debug_frame   0x0000650c      0x380 ./Drivers/STM32L5xx_HAL_Driver/Src/stm32l5xx_ll_usb.o
 .debug_frame   0x0000688c       0x20 C:/ST/STM32CubeIDE_1.15.0/STM32CubeIDE/plugins/com.st.stm32cube.ide.mcu.externaltools.gnu-tools-for-stm32.12.3.rel1.win32_1.0.100.202403111256/tools/bin/../lib/gcc/arm-none-eabi/12.3.1/../../../../arm-none-eabi/lib/thumb/v8-m.main+fp/hard\libc_nano.a(libc_a-memset.o)
 .debug_frame   0x000068ac       0x2c C:/ST/STM32CubeIDE_1.15.0/STM32CubeIDE/plugins/com.st.stm32cube.ide.mcu.externaltools.gnu-tools-for-stm32.12.3.rel1.win32_1.0.100.202403111256/tools/bin/../lib/gcc/arm-none-eabi/12.3.1/../../../../arm-none-eabi/lib/thumb/v8-m.main+fp/hard\libc_nano.a(libc_a-init.o)
 .debug_frame   0x000068d8       0x28 C:/ST/STM32CubeIDE_1.15.0/STM32CubeIDE/plugins/com.st.stm32cube.ide.mcu.externaltools.gnu-tools-for-stm32.12.3.rel1.win32_1.0.100.202403111256/tools/bin/../lib/gcc/arm-none-eabi/12.3.1/../../../../arm-none-eabi/lib/thumb/v8-m.main+fp/hard\libc_nano.a(libc_a-memcpy-stub.o)
 .debug_frame   0x00006900       0x2c C:/ST/STM32CubeIDE_1.15.0/STM32CubeIDE/plugins/com.st.stm32cube.ide.mcu.externaltools.gnu-tools-for-stm32.12.3.rel1.win32_1.0.100.202403111256/tools/bin/../lib/gcc/arm-none-eabi/12.3.1/thumb/v8-m.main+fp/hard\libgcc.a(_aeabi_uldivmod.o)
 .debug_frame   0x0000692c       0x38 C:/ST/STM32CubeIDE_1.15.0/STM32CubeIDE/plugins/com.st.stm32cube.ide.mcu.externaltools.gnu-tools-for-stm32.12.3.rel1.win32_1.0.100.202403111256/tools/bin/../lib/gcc/arm-none-eabi/12.3.1/thumb/v8-m.main+fp/hard\libgcc.a(_udivmoddi4.o)

.debug_line_str
                0x00000000       0x65
 .debug_line_str
                0x00000000       0x65 ./Core/Startup/startup_stm32l552zetxq.o
